Archive member included to satisfy reference by file (symbol)

c:/develop/quartus/17.1/nios2eds/bin/gnu/h-x86_64-mingw32/bin/../lib/gcc/nios2-elf/5.3.0/../../../../../H-x86_64-mingw32/nios2-elf/lib/mno-hw-mul\libsmallc.a(lib_a-impure.o)
                              obj/default/memtest_small.o (_impure_ptr)
c:/develop/quartus/17.1/nios2eds/bin/gnu/h-x86_64-mingw32/bin/../lib/gcc/nios2-elf/5.3.0/../../../../../H-x86_64-mingw32/nios2-elf/lib/mno-hw-mul\libsmallc.a(lib_a-printf.o)
                              obj/default/memtest_small.o (printf)
c:/develop/quartus/17.1/nios2eds/bin/gnu/h-x86_64-mingw32/bin/../lib/gcc/nios2-elf/5.3.0/../../../../../H-x86_64-mingw32/nios2-elf/lib/mno-hw-mul\libsmallc.a(lib_a-putc.o)
                              obj/default/memtest_small.o (putc)
c:/develop/quartus/17.1/nios2eds/bin/gnu/h-x86_64-mingw32/bin/../lib/gcc/nios2-elf/5.3.0/../../../../../H-x86_64-mingw32/nios2-elf/lib/mno-hw-mul\libsmallc.a(lib_a-putchar.o)
                              obj/default/memtest_small.o (putchar)
c:/develop/quartus/17.1/nios2eds/bin/gnu/h-x86_64-mingw32/bin/../lib/gcc/nios2-elf/5.3.0/../../../../../H-x86_64-mingw32/nios2-elf/lib/mno-hw-mul\libsmallc.a(lib_a-puts.o)
                              obj/default/memtest_small.o (puts)
c:/develop/quartus/17.1/nios2eds/bin/gnu/h-x86_64-mingw32/bin/../lib/gcc/nios2-elf/5.3.0/../../../../../H-x86_64-mingw32/nios2-elf/lib/mno-hw-mul\libsmallc.a(lib_a-strlen.o)
                              c:/develop/quartus/17.1/nios2eds/bin/gnu/h-x86_64-mingw32/bin/../lib/gcc/nios2-elf/5.3.0/../../../../../H-x86_64-mingw32/nios2-elf/lib/mno-hw-mul\libsmallc.a(lib_a-puts.o) (strlen)
c:/develop/quartus/17.1/nios2eds/bin/gnu/h-x86_64-mingw32/bin/../lib/gcc/nios2-elf/5.3.0/../../../../../H-x86_64-mingw32/nios2-elf/lib/mno-hw-mul\libsmallc.a(lib_a-strtol.o)
                              obj/default/memtest_small.o (strtol)
c:/develop/quartus/17.1/nios2eds/bin/gnu/h-x86_64-mingw32/bin/../lib/gcc/nios2-elf/5.3.0/../../../../../H-x86_64-mingw32/nios2-elf/lib/mno-hw-mul\libsmallc.a(lib_a-vfprintf.o)
                              c:/develop/quartus/17.1/nios2eds/bin/gnu/h-x86_64-mingw32/bin/../lib/gcc/nios2-elf/5.3.0/../../../../../H-x86_64-mingw32/nios2-elf/lib/mno-hw-mul\libsmallc.a(lib_a-printf.o) (___vfprintf_internal_r)
c:/develop/quartus/17.1/nios2eds/bin/gnu/h-x86_64-mingw32/bin/../lib/gcc/nios2-elf/5.3.0/../../../../../H-x86_64-mingw32/nios2-elf/lib/mno-hw-mul\libsmallc.a(lib_a-ctype_.o)
                              c:/develop/quartus/17.1/nios2eds/bin/gnu/h-x86_64-mingw32/bin/../lib/gcc/nios2-elf/5.3.0/../../../../../H-x86_64-mingw32/nios2-elf/lib/mno-hw-mul\libsmallc.a(lib_a-strtol.o) (__ctype_ptr__)
c:/develop/quartus/17.1/nios2eds/bin/gnu/h-x86_64-mingw32/bin/../lib/gcc/nios2-elf/5.3.0/../../../../../H-x86_64-mingw32/nios2-elf/lib/mno-hw-mul\libsmallc.a(lib_a-fvwrite_small_dev.o)
                              c:/develop/quartus/17.1/nios2eds/bin/gnu/h-x86_64-mingw32/bin/../lib/gcc/nios2-elf/5.3.0/../../../../../H-x86_64-mingw32/nios2-elf/lib/mno-hw-mul\libsmallc.a(lib_a-printf.o) (__sfvwrite_small_dev)
c:/develop/quartus/17.1/nios2eds/bin/gnu/h-x86_64-mingw32/bin/../lib/gcc/nios2-elf/5.3.0/../../../../../H-x86_64-mingw32/nios2-elf/lib/mno-hw-mul\libsmallc.a(lib_a-writer.o)
                              c:/develop/quartus/17.1/nios2eds/bin/gnu/h-x86_64-mingw32/bin/../lib/gcc/nios2-elf/5.3.0/../../../../../H-x86_64-mingw32/nios2-elf/lib/mno-hw-mul\libsmallc.a(lib_a-fvwrite_small_dev.o) (_write_r)
c:/develop/quartus/17.1/nios2eds/bin/gnu/h-x86_64-mingw32/bin/../lib/gcc/nios2-elf/5.3.0/../../../../../H-x86_64-mingw32/nios2-elf/lib/mno-hw-mul\libsmallc.a(lib_a-int_errno.o)
                              c:/develop/quartus/17.1/nios2eds/bin/gnu/h-x86_64-mingw32/bin/../lib/gcc/nios2-elf/5.3.0/../../../../../H-x86_64-mingw32/nios2-elf/lib/mno-hw-mul\libsmallc.a(lib_a-writer.o) (errno)
c:/develop/quartus/17.1/nios2eds/bin/gnu/h-x86_64-mingw32/bin/../lib/gcc/nios2-elf/5.3.0/mno-hw-mul\libgcc.a(lib2-divmod.o)
                              c:/develop/quartus/17.1/nios2eds/bin/gnu/h-x86_64-mingw32/bin/../lib/gcc/nios2-elf/5.3.0/../../../../../H-x86_64-mingw32/nios2-elf/lib/mno-hw-mul\libsmallc.a(lib_a-strtol.o) (__udivsi3)
c:/develop/quartus/17.1/nios2eds/bin/gnu/h-x86_64-mingw32/bin/../lib/gcc/nios2-elf/5.3.0/mno-hw-mul\libgcc.a(lib2-mul.o)
                              c:/develop/quartus/17.1/nios2eds/bin/gnu/h-x86_64-mingw32/bin/../lib/gcc/nios2-elf/5.3.0/../../../../../H-x86_64-mingw32/nios2-elf/lib/mno-hw-mul\libsmallc.a(lib_a-strtol.o) (__mulsi3)
../biotite_memtest_bsp/\libhal_bsp.a(alt_getchar.o)
                              obj/default/memtest_small.o (alt_getchar)
../biotite_memtest_bsp/\libhal_bsp.a(alt_main.o)
                              ../biotite_memtest_bsp//obj/HAL/src/crt0.o (alt_main)
../biotite_memtest_bsp/\libhal_bsp.a(alt_write.o)
                              c:/develop/quartus/17.1/nios2eds/bin/gnu/h-x86_64-mingw32/bin/../lib/gcc/nios2-elf/5.3.0/../../../../../H-x86_64-mingw32/nios2-elf/lib/mno-hw-mul\libsmallc.a(lib_a-writer.o) (write)
../biotite_memtest_bsp/\libhal_bsp.a(alt_sys_init.o)
                              ../biotite_memtest_bsp/\libhal_bsp.a(alt_main.o) (alt_irq_init)
../biotite_memtest_bsp/\libhal_bsp.a(altera_avalon_jtag_uart_read.o)
                              ../biotite_memtest_bsp/\libhal_bsp.a(alt_getchar.o) (altera_avalon_jtag_uart_read)
../biotite_memtest_bsp/\libhal_bsp.a(altera_avalon_jtag_uart_write.o)
                              ../biotite_memtest_bsp/\libhal_bsp.a(alt_write.o) (altera_avalon_jtag_uart_write)
../biotite_memtest_bsp/\libhal_bsp.a(altera_onchip_flash.o)
                              ../biotite_memtest_bsp/\libhal_bsp.a(alt_sys_init.o) (alt_onchip_flash_read)
../biotite_memtest_bsp/\libhal_bsp.a(alt_busy_sleep.o)
                              ../biotite_memtest_bsp/\libhal_bsp.a(altera_onchip_flash.o) (alt_busy_sleep)
../biotite_memtest_bsp/\libhal_bsp.a(alt_dcache_flush.o)
                              ../biotite_memtest_bsp/\libhal_bsp.a(altera_onchip_flash.o) (alt_dcache_flush)
../biotite_memtest_bsp/\libhal_bsp.a(alt_dev.o)
                              ../biotite_memtest_bsp/\libhal_bsp.a(alt_getchar.o) (alt_fd_list)
../biotite_memtest_bsp/\libhal_bsp.a(alt_dev_llist_insert.o)
                              ../biotite_memtest_bsp/\libhal_bsp.a(altera_onchip_flash.o) (alt_dev_llist_insert)
../biotite_memtest_bsp/\libhal_bsp.a(alt_errno.o)
                              ../biotite_memtest_bsp/\libhal_bsp.a(alt_write.o) (alt_errno)
../biotite_memtest_bsp/\libhal_bsp.a(alt_flash_dev.o)
                              ../biotite_memtest_bsp/\libhal_bsp.a(altera_onchip_flash.o) (alt_flash_dev_list)
../biotite_memtest_bsp/\libhal_bsp.a(altera_nios2_gen2_irq.o)
                              ../biotite_memtest_bsp/\libhal_bsp.a(alt_sys_init.o) (altera_nios2_gen2_irq_init)
../biotite_memtest_bsp/\libhal_bsp.a(alt_find_dev.o)
                              ../biotite_memtest_bsp/\libhal_bsp.a(alt_flash_dev.o) (alt_find_dev)
c:/develop/quartus/17.1/nios2eds/bin/gnu/h-x86_64-mingw32/bin/../lib/gcc/nios2-elf/5.3.0/../../../../../H-x86_64-mingw32/nios2-elf/lib/mno-hw-mul\libsmallc.a(lib_a-memcmp.o)
                              ../biotite_memtest_bsp/\libhal_bsp.a(altera_onchip_flash.o) (memcmp)
c:/develop/quartus/17.1/nios2eds/bin/gnu/h-x86_64-mingw32/bin/../lib/gcc/nios2-elf/5.3.0/../../../../../H-x86_64-mingw32/nios2-elf/lib/mno-hw-mul\libsmallc.a(lib_a-memcpy.o)
                              ../biotite_memtest_bsp/\libhal_bsp.a(altera_onchip_flash.o) (memcpy)

Allocating common symbols
Common symbol       size              file

errno               0x4               c:/develop/quartus/17.1/nios2eds/bin/gnu/h-x86_64-mingw32/bin/../lib/gcc/nios2-elf/5.3.0/../../../../../H-x86_64-mingw32/nios2-elf/lib/mno-hw-mul\libsmallc.a(lib_a-int_errno.o)

Memory Configuration

Name             Origin             Length             Attributes
peridot_qspi_psram_0 0x0000000000000000 0x0000000000800000
reset            0x000000000f000000 0x0000000000000020
boot_flash_data  0x000000000f000020 0x00000000000167e0
onchip_memory2_0_BEFORE_EXCEPTION 0x000000000f800000 0x0000000000000020
onchip_memory2_0 0x000000000f800020 0x0000000000003fe0
*default*        0x0000000000000000 0xffffffffffffffff

Linker script and memory map

LOAD ../biotite_memtest_bsp//obj/HAL/src/crt0.o
LOAD obj/default/memtest_small.o
LOAD c:/develop/quartus/17.1/nios2eds/bin/gnu/h-x86_64-mingw32/bin/../lib/gcc/nios2-elf/5.3.0/../../../../../H-x86_64-mingw32/nios2-elf/lib/mno-hw-mul\libstdc++.a
LOAD c:/develop/quartus/17.1/nios2eds/bin/gnu/h-x86_64-mingw32/bin/../lib/gcc/nios2-elf/5.3.0/../../../../../H-x86_64-mingw32/nios2-elf/lib/mno-hw-mul\libm.a
LOAD c:/develop/quartus/17.1/nios2eds/bin/gnu/h-x86_64-mingw32/bin/../lib/gcc/nios2-elf/5.3.0/mno-hw-mul\libgcc.a
START GROUP
LOAD c:/develop/quartus/17.1/nios2eds/bin/gnu/h-x86_64-mingw32/bin/../lib/gcc/nios2-elf/5.3.0/../../../../../H-x86_64-mingw32/nios2-elf/lib/mno-hw-mul\libsmallc.a
LOAD c:/develop/quartus/17.1/nios2eds/bin/gnu/h-x86_64-mingw32/bin/../lib/gcc/nios2-elf/5.3.0/mno-hw-mul\libgcc.a
LOAD ../biotite_memtest_bsp/\libhal_bsp.a
LOAD c:/develop/quartus/17.1/nios2eds/bin/gnu/h-x86_64-mingw32/bin/../lib/gcc/nios2-elf/5.3.0/../../../../../H-x86_64-mingw32/nios2-elf/lib/mno-hw-mul\libm.a
END GROUP
LOAD c:/develop/quartus/17.1/nios2eds/bin/gnu/h-x86_64-mingw32/bin/../lib/gcc/nios2-elf/5.3.0/mno-hw-mul\libgcc.a
                0x0000000000000000                __alt_mem_peridot_qspi_psram_0 = 0x0
                0x000000000f000000                __alt_mem_boot_flash_data = 0xf000000
                0x000000000f800000                __alt_mem_onchip_memory2_0 = 0xf800000

.entry          0x000000000f000000        0x0
 *(.entry)
 .entry         0x000000000f000000        0x0 ../biotite_memtest_bsp//obj/HAL/src/crt0.o
                0x000000000f000000                _exit
                0x000000000f000000                __reset

.exceptions     0x000000000f800020        0x0
                [!provide]                        PROVIDE (__ram_exceptions_start, ABSOLUTE (.))
                0x000000000f800020                . = ALIGN (0x20)
 *(.irq)
 *(.exceptions.entry.label)
 *(.exceptions.entry.user)
 *(.exceptions.entry.ecc_fatal)
 *(.exceptions.entry)
 *(.exceptions.irqtest.user)
 *(.exceptions.irqtest)
 *(.exceptions.irqhandler.user)
 *(.exceptions.irqhandler)
 *(.exceptions.irqreturn.user)
 *(.exceptions.irqreturn)
 *(.exceptions.notirq.label)
 *(.exceptions.notirq.user)
 *(.exceptions.notirq)
 *(.exceptions.soft.user)
 *(.exceptions.soft)
 *(.exceptions.unknown.user)
 *(.exceptions.unknown)
 *(.exceptions.exit.label)
 *(.exceptions.exit.user)
 *(.exceptions.exit)
 *(.exceptions)
                [!provide]                        PROVIDE (__ram_exceptions_end, ABSOLUTE (.))
                [!provide]                        PROVIDE (__flash_exceptions_start, LOADADDR (.exceptions))

.text           0x000000000f800020     0x1ea4
                [!provide]                        PROVIDE (stext, ABSOLUTE (.))
 *(.interp)
 *(.hash)
 *(.dynsym)
 *(.dynstr)
 *(.gnu.version)
 *(.gnu.version_d)
 *(.gnu.version_r)
 *(.rel.init)
 *(.rela.init)
 *(.rel.text .rel.text.* .rel.gnu.linkonce.t.*)
 *(.rela.text .rela.text.* .rela.gnu.linkonce.t.*)
 *(.rel.fini)
 *(.rela.fini)
 *(.rel.rodata .rel.rodata.* .rel.gnu.linkonce.r.*)
 *(.rela.rodata .rela.rodata.* .rela.gnu.linkonce.r.*)
 *(.rel.data .rel.data.* .rel.gnu.linkonce.d.*)
 *(.rela.data .rela.data.* .rela.gnu.linkonce.d.*)
 *(.rel.tdata .rel.tdata.* .rel.gnu.linkonce.td.*)
 *(.rela.tdata .rela.tdata.* .rela.gnu.linkonce.td.*)
 *(.rel.tbss .rel.tbss.* .rel.gnu.linkonce.tb.*)
 *(.rela.tbss .rela.tbss.* .rela.gnu.linkonce.tb.*)
 *(.rel.ctors)
 *(.rela.ctors)
 *(.rel.dtors)
 *(.rela.dtors)
 *(.rel.got)
 *(.rela.got)
 *(.rel.sdata .rel.sdata.* .rel.gnu.linkonce.s.*)
 *(.rela.sdata .rela.sdata.* .rela.gnu.linkonce.s.*)
 *(.rel.sbss .rel.sbss.* .rel.gnu.linkonce.sb.*)
 *(.rela.sbss .rela.sbss.* .rela.gnu.linkonce.sb.*)
 *(.rel.sdata2 .rel.sdata2.* .rel.gnu.linkonce.s2.*)
 *(.rela.sdata2 .rela.sdata2.* .rela.gnu.linkonce.s2.*)
 *(.rel.sbss2 .rel.sbss2.* .rel.gnu.linkonce.sb2.*)
 *(.rela.sbss2 .rela.sbss2.* .rela.gnu.linkonce.sb2.*)
 *(.rel.bss .rel.bss.* .rel.gnu.linkonce.b.*)
 *(.rela.bss .rela.bss.* .rela.gnu.linkonce.b.*)
 *(.rel.plt)
 *(.rela.plt)
 *(.rel.dyn)
 *(.init)
 *(.plt)
 *(.text .stub .text.* .gnu.linkonce.t.*)
 .text          0x000000000f800020       0x38 ../biotite_memtest_bsp//obj/HAL/src/crt0.o
                0x000000000f800020                _start
 .text          0x000000000f800058       0x88 obj/default/memtest_small.o
                0x000000000f800058                GetInputString
 .text.startup  0x000000000f8000e0      0x510 obj/default/memtest_small.o
                0x000000000f8000e0                main
 .text          0x000000000f8005f0        0x0 c:/develop/quartus/17.1/nios2eds/bin/gnu/h-x86_64-mingw32/bin/../lib/gcc/nios2-elf/5.3.0/../../../../../H-x86_64-mingw32/nios2-elf/lib/mno-hw-mul\libsmallc.a(lib_a-impure.o)
 .text          0x000000000f8005f0        0x0 c:/develop/quartus/17.1/nios2eds/bin/gnu/h-x86_64-mingw32/bin/../lib/gcc/nios2-elf/5.3.0/../../../../../H-x86_64-mingw32/nios2-elf/lib/mno-hw-mul\libsmallc.a(lib_a-printf.o)
 .text._printf_r
                0x000000000f8005f0       0x3c c:/develop/quartus/17.1/nios2eds/bin/gnu/h-x86_64-mingw32/bin/../lib/gcc/nios2-elf/5.3.0/../../../../../H-x86_64-mingw32/nios2-elf/lib/mno-hw-mul\libsmallc.a(lib_a-printf.o)
                0x000000000f8005f0                _printf_r
 .text.printf   0x000000000f80062c       0x4c c:/develop/quartus/17.1/nios2eds/bin/gnu/h-x86_64-mingw32/bin/../lib/gcc/nios2-elf/5.3.0/../../../../../H-x86_64-mingw32/nios2-elf/lib/mno-hw-mul\libsmallc.a(lib_a-printf.o)
                0x000000000f80062c                printf
 .text          0x000000000f800678        0x0 c:/develop/quartus/17.1/nios2eds/bin/gnu/h-x86_64-mingw32/bin/../lib/gcc/nios2-elf/5.3.0/../../../../../H-x86_64-mingw32/nios2-elf/lib/mno-hw-mul\libsmallc.a(lib_a-putc.o)
 .text.putc     0x000000000f800678       0x54 c:/develop/quartus/17.1/nios2eds/bin/gnu/h-x86_64-mingw32/bin/../lib/gcc/nios2-elf/5.3.0/../../../../../H-x86_64-mingw32/nios2-elf/lib/mno-hw-mul\libsmallc.a(lib_a-putc.o)
                0x000000000f800678                putc
 .text._putc_r  0x000000000f8006cc       0x58 c:/develop/quartus/17.1/nios2eds/bin/gnu/h-x86_64-mingw32/bin/../lib/gcc/nios2-elf/5.3.0/../../../../../H-x86_64-mingw32/nios2-elf/lib/mno-hw-mul\libsmallc.a(lib_a-putc.o)
                0x000000000f8006cc                _putc_r
 .text          0x000000000f800724        0x0 c:/develop/quartus/17.1/nios2eds/bin/gnu/h-x86_64-mingw32/bin/../lib/gcc/nios2-elf/5.3.0/../../../../../H-x86_64-mingw32/nios2-elf/lib/mno-hw-mul\libsmallc.a(lib_a-putchar.o)
 .text._putchar_r
                0x000000000f800724        0x8 c:/develop/quartus/17.1/nios2eds/bin/gnu/h-x86_64-mingw32/bin/../lib/gcc/nios2-elf/5.3.0/../../../../../H-x86_64-mingw32/nios2-elf/lib/mno-hw-mul\libsmallc.a(lib_a-putchar.o)
                0x000000000f800724                _putchar_r
 .text.putchar  0x000000000f80072c       0x1c c:/develop/quartus/17.1/nios2eds/bin/gnu/h-x86_64-mingw32/bin/../lib/gcc/nios2-elf/5.3.0/../../../../../H-x86_64-mingw32/nios2-elf/lib/mno-hw-mul\libsmallc.a(lib_a-putchar.o)
                0x000000000f80072c                putchar
 .text          0x000000000f800748        0x0 c:/develop/quartus/17.1/nios2eds/bin/gnu/h-x86_64-mingw32/bin/../lib/gcc/nios2-elf/5.3.0/../../../../../H-x86_64-mingw32/nios2-elf/lib/mno-hw-mul\libsmallc.a(lib_a-puts.o)
 .text._puts_r  0x000000000f800748       0x80 c:/develop/quartus/17.1/nios2eds/bin/gnu/h-x86_64-mingw32/bin/../lib/gcc/nios2-elf/5.3.0/../../../../../H-x86_64-mingw32/nios2-elf/lib/mno-hw-mul\libsmallc.a(lib_a-puts.o)
                0x000000000f800748                _puts_r
 .text.puts     0x000000000f8007c8       0x14 c:/develop/quartus/17.1/nios2eds/bin/gnu/h-x86_64-mingw32/bin/../lib/gcc/nios2-elf/5.3.0/../../../../../H-x86_64-mingw32/nios2-elf/lib/mno-hw-mul\libsmallc.a(lib_a-puts.o)
                0x000000000f8007c8                puts
 .text          0x000000000f8007dc        0x0 c:/develop/quartus/17.1/nios2eds/bin/gnu/h-x86_64-mingw32/bin/../lib/gcc/nios2-elf/5.3.0/../../../../../H-x86_64-mingw32/nios2-elf/lib/mno-hw-mul\libsmallc.a(lib_a-strlen.o)
 .text.strlen   0x000000000f8007dc       0x1c c:/develop/quartus/17.1/nios2eds/bin/gnu/h-x86_64-mingw32/bin/../lib/gcc/nios2-elf/5.3.0/../../../../../H-x86_64-mingw32/nios2-elf/lib/mno-hw-mul\libsmallc.a(lib_a-strlen.o)
                0x000000000f8007dc                strlen
 .text          0x000000000f8007f8        0x0 c:/develop/quartus/17.1/nios2eds/bin/gnu/h-x86_64-mingw32/bin/../lib/gcc/nios2-elf/5.3.0/../../../../../H-x86_64-mingw32/nios2-elf/lib/mno-hw-mul\libsmallc.a(lib_a-strtol.o)
 .text._strtol_r
                0x000000000f8007f8      0x234 c:/develop/quartus/17.1/nios2eds/bin/gnu/h-x86_64-mingw32/bin/../lib/gcc/nios2-elf/5.3.0/../../../../../H-x86_64-mingw32/nios2-elf/lib/mno-hw-mul\libsmallc.a(lib_a-strtol.o)
                0x000000000f8007f8                _strtol_r
 .text.strtol   0x000000000f800a2c       0x1c c:/develop/quartus/17.1/nios2eds/bin/gnu/h-x86_64-mingw32/bin/../lib/gcc/nios2-elf/5.3.0/../../../../../H-x86_64-mingw32/nios2-elf/lib/mno-hw-mul\libsmallc.a(lib_a-strtol.o)
                0x000000000f800a2c                strtol
 .text          0x000000000f800a48        0x0 c:/develop/quartus/17.1/nios2eds/bin/gnu/h-x86_64-mingw32/bin/../lib/gcc/nios2-elf/5.3.0/../../../../../H-x86_64-mingw32/nios2-elf/lib/mno-hw-mul\libsmallc.a(lib_a-vfprintf.o)
 .text.print_repeat
                0x000000000f800a48       0x6c c:/develop/quartus/17.1/nios2eds/bin/gnu/h-x86_64-mingw32/bin/../lib/gcc/nios2-elf/5.3.0/../../../../../H-x86_64-mingw32/nios2-elf/lib/mno-hw-mul\libsmallc.a(lib_a-vfprintf.o)
 .text.___vfprintf_internal_r
                0x000000000f800ab4      0x52c c:/develop/quartus/17.1/nios2eds/bin/gnu/h-x86_64-mingw32/bin/../lib/gcc/nios2-elf/5.3.0/../../../../../H-x86_64-mingw32/nios2-elf/lib/mno-hw-mul\libsmallc.a(lib_a-vfprintf.o)
                0x000000000f800ab4                ___vfprintf_internal_r
 .text.__vfprintf_internal
                0x000000000f800fe0       0x1c c:/develop/quartus/17.1/nios2eds/bin/gnu/h-x86_64-mingw32/bin/../lib/gcc/nios2-elf/5.3.0/../../../../../H-x86_64-mingw32/nios2-elf/lib/mno-hw-mul\libsmallc.a(lib_a-vfprintf.o)
                0x000000000f800fe0                __vfprintf_internal
 .text          0x000000000f800ffc        0x0 c:/develop/quartus/17.1/nios2eds/bin/gnu/h-x86_64-mingw32/bin/../lib/gcc/nios2-elf/5.3.0/../../../../../H-x86_64-mingw32/nios2-elf/lib/mno-hw-mul\libsmallc.a(lib_a-ctype_.o)
 .text          0x000000000f800ffc        0x0 c:/develop/quartus/17.1/nios2eds/bin/gnu/h-x86_64-mingw32/bin/../lib/gcc/nios2-elf/5.3.0/../../../../../H-x86_64-mingw32/nios2-elf/lib/mno-hw-mul\libsmallc.a(lib_a-fvwrite_small_dev.o)
 .text.__sfvwrite_small_dev
                0x000000000f800ffc       0xb8 c:/develop/quartus/17.1/nios2eds/bin/gnu/h-x86_64-mingw32/bin/../lib/gcc/nios2-elf/5.3.0/../../../../../H-x86_64-mingw32/nios2-elf/lib/mno-hw-mul\libsmallc.a(lib_a-fvwrite_small_dev.o)
                0x000000000f800ffc                __sfvwrite_small_dev
 .text          0x000000000f8010b4        0x0 c:/develop/quartus/17.1/nios2eds/bin/gnu/h-x86_64-mingw32/bin/../lib/gcc/nios2-elf/5.3.0/../../../../../H-x86_64-mingw32/nios2-elf/lib/mno-hw-mul\libsmallc.a(lib_a-writer.o)
 .text._write_r
                0x000000000f8010b4       0x58 c:/develop/quartus/17.1/nios2eds/bin/gnu/h-x86_64-mingw32/bin/../lib/gcc/nios2-elf/5.3.0/../../../../../H-x86_64-mingw32/nios2-elf/lib/mno-hw-mul\libsmallc.a(lib_a-writer.o)
                0x000000000f8010b4                _write_r
 .text          0x000000000f80110c        0x0 c:/develop/quartus/17.1/nios2eds/bin/gnu/h-x86_64-mingw32/bin/../lib/gcc/nios2-elf/5.3.0/../../../../../H-x86_64-mingw32/nios2-elf/lib/mno-hw-mul\libsmallc.a(lib_a-int_errno.o)
 .text          0x000000000f80110c      0x1b4 c:/develop/quartus/17.1/nios2eds/bin/gnu/h-x86_64-mingw32/bin/../lib/gcc/nios2-elf/5.3.0/mno-hw-mul\libgcc.a(lib2-divmod.o)
                0x000000000f80110c                __divsi3
                0x000000000f801190                __modsi3
                0x000000000f801204                __udivsi3
                0x000000000f801268                __umodsi3
 .text          0x000000000f8012c0       0x28 c:/develop/quartus/17.1/nios2eds/bin/gnu/h-x86_64-mingw32/bin/../lib/gcc/nios2-elf/5.3.0/mno-hw-mul\libgcc.a(lib2-mul.o)
                0x000000000f8012c0                __mulsi3
 .text          0x000000000f8012e8       0x44 ../biotite_memtest_bsp/\libhal_bsp.a(alt_getchar.o)
                0x000000000f8012e8                alt_getchar
 .text          0x000000000f80132c       0x2c ../biotite_memtest_bsp/\libhal_bsp.a(alt_main.o)
                0x000000000f80132c                alt_main
 .text          0x000000000f801358       0x60 ../biotite_memtest_bsp/\libhal_bsp.a(alt_write.o)
                0x000000000f801358                write
 .text          0x000000000f8013b8       0x2c ../biotite_memtest_bsp/\libhal_bsp.a(alt_sys_init.o)
                0x000000000f8013b8                alt_irq_init
                0x000000000f8013d8                alt_sys_init
 .text          0x000000000f8013e4       0x5c ../biotite_memtest_bsp/\libhal_bsp.a(altera_avalon_jtag_uart_read.o)
                0x000000000f8013e4                altera_avalon_jtag_uart_read
 .text          0x000000000f801440       0x34 ../biotite_memtest_bsp/\libhal_bsp.a(altera_avalon_jtag_uart_write.o)
                0x000000000f801440                altera_avalon_jtag_uart_write
 .text          0x000000000f801474      0x818 ../biotite_memtest_bsp/\libhal_bsp.a(altera_onchip_flash.o)
                0x000000000f801474                alt_onchip_flash_read
                0x000000000f8014e4                alt_onchip_flash_get_info
                0x000000000f801528                alt_onchip_flash_write
                0x000000000f8016ac                altera_onchip_flash_init
                0x000000000f8018e0                alt_onchip_flash_poll_for_status_to_go_idle
                0x000000000f801934                alt_onchip_flash_poll_for_status_erase_passed
                0x000000000f801990                alt_onchip_flash_erase_block
                0x000000000f801a7c                alt_onchip_flash_poll_for_status_write_passed
                0x000000000f801ad8                alt_onchip_flash_write_block
 .text          0x000000000f801c8c       0x88 ../biotite_memtest_bsp/\libhal_bsp.a(alt_busy_sleep.o)
                0x000000000f801c8c                alt_busy_sleep
 .text          0x000000000f801d14        0x4 ../biotite_memtest_bsp/\libhal_bsp.a(alt_dcache_flush.o)
                0x000000000f801d14                alt_dcache_flush
 .text          0x000000000f801d18        0x8 ../biotite_memtest_bsp/\libhal_bsp.a(alt_dev.o)
 .text          0x000000000f801d20       0x6c ../biotite_memtest_bsp/\libhal_bsp.a(alt_dev_llist_insert.o)
                0x000000000f801d20                alt_dev_llist_insert
 .text          0x000000000f801d8c        0x0 ../biotite_memtest_bsp/\libhal_bsp.a(alt_errno.o)
 .text          0x000000000f801d8c       0x64 ../biotite_memtest_bsp/\libhal_bsp.a(alt_flash_dev.o)
                0x000000000f801d8c                alt_flash_open_dev
                0x000000000f801ddc                alt_flash_close_dev
 .text          0x000000000f801df0        0x8 ../biotite_memtest_bsp/\libhal_bsp.a(altera_nios2_gen2_irq.o)
                0x000000000f801df0                altera_nios2_gen2_irq_init
 .text          0x000000000f801df8       0x74 ../biotite_memtest_bsp/\libhal_bsp.a(alt_find_dev.o)
                0x000000000f801df8                alt_find_dev
 .text          0x000000000f801e6c        0x0 c:/develop/quartus/17.1/nios2eds/bin/gnu/h-x86_64-mingw32/bin/../lib/gcc/nios2-elf/5.3.0/../../../../../H-x86_64-mingw32/nios2-elf/lib/mno-hw-mul\libsmallc.a(lib_a-memcmp.o)
 .text.memcmp   0x000000000f801e6c       0x30 c:/develop/quartus/17.1/nios2eds/bin/gnu/h-x86_64-mingw32/bin/../lib/gcc/nios2-elf/5.3.0/../../../../../H-x86_64-mingw32/nios2-elf/lib/mno-hw-mul\libsmallc.a(lib_a-memcmp.o)
                0x000000000f801e6c                memcmp
 .text          0x000000000f801e9c        0x0 c:/develop/quartus/17.1/nios2eds/bin/gnu/h-x86_64-mingw32/bin/../lib/gcc/nios2-elf/5.3.0/../../../../../H-x86_64-mingw32/nios2-elf/lib/mno-hw-mul\libsmallc.a(lib_a-memcpy.o)
 .text.memcpy   0x000000000f801e9c       0x28 c:/develop/quartus/17.1/nios2eds/bin/gnu/h-x86_64-mingw32/bin/../lib/gcc/nios2-elf/5.3.0/../../../../../H-x86_64-mingw32/nios2-elf/lib/mno-hw-mul\libsmallc.a(lib_a-memcpy.o)
                0x000000000f801e9c                memcpy
 *(.gnu.warning.*)
 *(.fini)
                [!provide]                        PROVIDE (__etext, ABSOLUTE (.))
                [!provide]                        PROVIDE (_etext, ABSOLUTE (.))
                [!provide]                        PROVIDE (etext, ABSOLUTE (.))
 *(.eh_frame_hdr)
                0x000000000f801ec4                . = ALIGN (0x4)
                [!provide]                        PROVIDE (__preinit_array_start, ABSOLUTE (.))
 *(.preinit_array)
                [!provide]                        PROVIDE (__preinit_array_end, ABSOLUTE (.))
                [!provide]                        PROVIDE (__init_array_start, ABSOLUTE (.))
 *(.init_array)
                [!provide]                        PROVIDE (__init_array_end, ABSOLUTE (.))
                [!provide]                        PROVIDE (__fini_array_start, ABSOLUTE (.))
 *(.fini_array)
                [!provide]                        PROVIDE (__fini_array_end, ABSOLUTE (.))
 *(.eh_frame)
 *(.gcc_except_table .gcc_except_table.*)
 *(.dynamic)
                [!provide]                        PROVIDE (__CTOR_LIST__, ABSOLUTE (.))
 *(.ctors)
 *(SORT(.ctors.*))
                [!provide]                        PROVIDE (__CTOR_END__, ABSOLUTE (.))
                [!provide]                        PROVIDE (__DTOR_LIST__, ABSOLUTE (.))
 *(.dtors)
 *(SORT(.dtors.*))
                [!provide]                        PROVIDE (__DTOR_END__, ABSOLUTE (.))
 *(.jcr)
                0x000000000f801ec4                . = ALIGN (0x4)

.rodata         0x000000000f801ec4      0x6e4
                [!provide]                        PROVIDE (__ram_rodata_start, ABSOLUTE (.))
                0x000000000f801ec4                . = ALIGN (0x4)
 *(.rodata .rodata.* .gnu.linkonce.r.*)
 .rodata.str1.4
                0x000000000f801ec4      0x43c obj/default/memtest_small.o
 .rodata.str1.4
                0x000000000f802300        0x2 c:/develop/quartus/17.1/nios2eds/bin/gnu/h-x86_64-mingw32/bin/../lib/gcc/nios2-elf/5.3.0/../../../../../H-x86_64-mingw32/nios2-elf/lib/mno-hw-mul\libsmallc.a(lib_a-puts.o)
 .rodata._ctype_
                0x000000000f802300      0x101 c:/develop/quartus/17.1/nios2eds/bin/gnu/h-x86_64-mingw32/bin/../lib/gcc/nios2-elf/5.3.0/../../../../../H-x86_64-mingw32/nios2-elf/lib/mno-hw-mul\libsmallc.a(lib_a-ctype_.o)
                0x000000000f802300                _ctype_
 .rodata._ctype_b
                0x000000000f802401      0x180 c:/develop/quartus/17.1/nios2eds/bin/gnu/h-x86_64-mingw32/bin/../lib/gcc/nios2-elf/5.3.0/../../../../../H-x86_64-mingw32/nios2-elf/lib/mno-hw-mul\libsmallc.a(lib_a-ctype_.o)
 *fill*         0x000000000f802581        0x3 
 .rodata.str1.4
                0x000000000f802584       0x15 ../biotite_memtest_bsp/\libhal_bsp.a(alt_sys_init.o)
 *fill*         0x000000000f802599        0x3 
 .rodata.str1.4
                0x000000000f80259c        0xc ../biotite_memtest_bsp/\libhal_bsp.a(alt_dev.o)
                                          0xa (size before relaxing)
 *(.rodata1)
                0x000000000f8025a8                . = ALIGN (0x4)
                [!provide]                        PROVIDE (__ram_rodata_end, ABSOLUTE (.))
                [!provide]                        PROVIDE (__flash_rodata_start, LOADADDR (.rodata))

.rwdata         0x000000000f8025a8      0x270
                [!provide]                        PROVIDE (__ram_rwdata_start, ABSOLUTE (.))
                0x000000000f8025a8                . = ALIGN (0x4)
 *(.got.plt)
 *(.got)
 *(.data1)
 *(.data .data.* .gnu.linkonce.d.*)
 .data          0x000000000f8025a8        0x0 ../biotite_memtest_bsp//obj/HAL/src/crt0.o
 .data          0x000000000f8025a8        0x0 obj/default/memtest_small.o
 .data          0x000000000f8025a8        0x0 c:/develop/quartus/17.1/nios2eds/bin/gnu/h-x86_64-mingw32/bin/../lib/gcc/nios2-elf/5.3.0/../../../../../H-x86_64-mingw32/nios2-elf/lib/mno-hw-mul\libsmallc.a(lib_a-impure.o)
 .data.impure_data
                0x000000000f8025a8       0xe0 c:/develop/quartus/17.1/nios2eds/bin/gnu/h-x86_64-mingw32/bin/../lib/gcc/nios2-elf/5.3.0/../../../../../H-x86_64-mingw32/nios2-elf/lib/mno-hw-mul\libsmallc.a(lib_a-impure.o)
 .data          0x000000000f802688        0x0 c:/develop/quartus/17.1/nios2eds/bin/gnu/h-x86_64-mingw32/bin/../lib/gcc/nios2-elf/5.3.0/../../../../../H-x86_64-mingw32/nios2-elf/lib/mno-hw-mul\libsmallc.a(lib_a-printf.o)
 .data          0x000000000f802688        0x0 c:/develop/quartus/17.1/nios2eds/bin/gnu/h-x86_64-mingw32/bin/../lib/gcc/nios2-elf/5.3.0/../../../../../H-x86_64-mingw32/nios2-elf/lib/mno-hw-mul\libsmallc.a(lib_a-putc.o)
 .data          0x000000000f802688        0x0 c:/develop/quartus/17.1/nios2eds/bin/gnu/h-x86_64-mingw32/bin/../lib/gcc/nios2-elf/5.3.0/../../../../../H-x86_64-mingw32/nios2-elf/lib/mno-hw-mul\libsmallc.a(lib_a-putchar.o)
 .data          0x000000000f802688        0x0 c:/develop/quartus/17.1/nios2eds/bin/gnu/h-x86_64-mingw32/bin/../lib/gcc/nios2-elf/5.3.0/../../../../../H-x86_64-mingw32/nios2-elf/lib/mno-hw-mul\libsmallc.a(lib_a-puts.o)
 .data          0x000000000f802688        0x0 c:/develop/quartus/17.1/nios2eds/bin/gnu/h-x86_64-mingw32/bin/../lib/gcc/nios2-elf/5.3.0/../../../../../H-x86_64-mingw32/nios2-elf/lib/mno-hw-mul\libsmallc.a(lib_a-strlen.o)
 .data          0x000000000f802688        0x0 c:/develop/quartus/17.1/nios2eds/bin/gnu/h-x86_64-mingw32/bin/../lib/gcc/nios2-elf/5.3.0/../../../../../H-x86_64-mingw32/nios2-elf/lib/mno-hw-mul\libsmallc.a(lib_a-strtol.o)
 .data          0x000000000f802688        0x0 c:/develop/quartus/17.1/nios2eds/bin/gnu/h-x86_64-mingw32/bin/../lib/gcc/nios2-elf/5.3.0/../../../../../H-x86_64-mingw32/nios2-elf/lib/mno-hw-mul\libsmallc.a(lib_a-vfprintf.o)
 .data          0x000000000f802688        0x0 c:/develop/quartus/17.1/nios2eds/bin/gnu/h-x86_64-mingw32/bin/../lib/gcc/nios2-elf/5.3.0/../../../../../H-x86_64-mingw32/nios2-elf/lib/mno-hw-mul\libsmallc.a(lib_a-ctype_.o)
 .data          0x000000000f802688        0x0 c:/develop/quartus/17.1/nios2eds/bin/gnu/h-x86_64-mingw32/bin/../lib/gcc/nios2-elf/5.3.0/../../../../../H-x86_64-mingw32/nios2-elf/lib/mno-hw-mul\libsmallc.a(lib_a-fvwrite_small_dev.o)
 .data          0x000000000f802688        0x0 c:/develop/quartus/17.1/nios2eds/bin/gnu/h-x86_64-mingw32/bin/../lib/gcc/nios2-elf/5.3.0/../../../../../H-x86_64-mingw32/nios2-elf/lib/mno-hw-mul\libsmallc.a(lib_a-writer.o)
 .data          0x000000000f802688        0x0 c:/develop/quartus/17.1/nios2eds/bin/gnu/h-x86_64-mingw32/bin/../lib/gcc/nios2-elf/5.3.0/../../../../../H-x86_64-mingw32/nios2-elf/lib/mno-hw-mul\libsmallc.a(lib_a-int_errno.o)
 .data          0x000000000f802688        0x0 c:/develop/quartus/17.1/nios2eds/bin/gnu/h-x86_64-mingw32/bin/../lib/gcc/nios2-elf/5.3.0/mno-hw-mul\libgcc.a(lib2-divmod.o)
 .data          0x000000000f802688        0x0 c:/develop/quartus/17.1/nios2eds/bin/gnu/h-x86_64-mingw32/bin/../lib/gcc/nios2-elf/5.3.0/mno-hw-mul\libgcc.a(lib2-mul.o)
 .data          0x000000000f802688        0x0 ../biotite_memtest_bsp/\libhal_bsp.a(alt_getchar.o)
 .data          0x000000000f802688        0x0 ../biotite_memtest_bsp/\libhal_bsp.a(alt_main.o)
 .data          0x000000000f802688        0x0 ../biotite_memtest_bsp/\libhal_bsp.a(alt_write.o)
 .data          0x000000000f802688      0x100 ../biotite_memtest_bsp/\libhal_bsp.a(alt_sys_init.o)
 .data          0x000000000f802788        0x0 ../biotite_memtest_bsp/\libhal_bsp.a(altera_avalon_jtag_uart_read.o)
 .data          0x000000000f802788        0x0 ../biotite_memtest_bsp/\libhal_bsp.a(altera_avalon_jtag_uart_write.o)
 .data          0x000000000f802788        0x0 ../biotite_memtest_bsp/\libhal_bsp.a(altera_onchip_flash.o)
 .data          0x000000000f802788        0x0 ../biotite_memtest_bsp/\libhal_bsp.a(alt_busy_sleep.o)
 .data          0x000000000f802788        0x0 ../biotite_memtest_bsp/\libhal_bsp.a(alt_dcache_flush.o)
 .data          0x000000000f802788       0x58 ../biotite_memtest_bsp/\libhal_bsp.a(alt_dev.o)
                0x000000000f802788                alt_fd_list
                0x000000000f8027b8                alt_dev_null
 .data          0x000000000f8027e0        0x0 ../biotite_memtest_bsp/\libhal_bsp.a(alt_dev_llist_insert.o)
 .data          0x000000000f8027e0        0x0 ../biotite_memtest_bsp/\libhal_bsp.a(alt_errno.o)
 .data          0x000000000f8027e0        0x0 ../biotite_memtest_bsp/\libhal_bsp.a(alt_flash_dev.o)
 .data          0x000000000f8027e0        0x0 ../biotite_memtest_bsp/\libhal_bsp.a(altera_nios2_gen2_irq.o)
 .data          0x000000000f8027e0        0x0 ../biotite_memtest_bsp/\libhal_bsp.a(alt_find_dev.o)
 .data          0x000000000f8027e0        0x0 c:/develop/quartus/17.1/nios2eds/bin/gnu/h-x86_64-mingw32/bin/../lib/gcc/nios2-elf/5.3.0/../../../../../H-x86_64-mingw32/nios2-elf/lib/mno-hw-mul\libsmallc.a(lib_a-memcmp.o)
 .data          0x000000000f8027e0        0x0 c:/develop/quartus/17.1/nios2eds/bin/gnu/h-x86_64-mingw32/bin/../lib/gcc/nios2-elf/5.3.0/../../../../../H-x86_64-mingw32/nios2-elf/lib/mno-hw-mul\libsmallc.a(lib_a-memcpy.o)
                0x000000000f80a7e0                _gp = ABSOLUTE ((. + 0x8000))
                [!provide]                        PROVIDE (gp, _gp)
 *(.rwdata .rwdata.*)
 *(.sdata .sdata.* .gnu.linkonce.s.*)
 .sdata._global_impure_ptr
                0x000000000f8027e0        0x4 c:/develop/quartus/17.1/nios2eds/bin/gnu/h-x86_64-mingw32/bin/../lib/gcc/nios2-elf/5.3.0/../../../../../H-x86_64-mingw32/nios2-elf/lib/mno-hw-mul\libsmallc.a(lib_a-impure.o)
                0x000000000f8027e0                _global_impure_ptr
 .sdata._impure_ptr
                0x000000000f8027e4        0x4 c:/develop/quartus/17.1/nios2eds/bin/gnu/h-x86_64-mingw32/bin/../lib/gcc/nios2-elf/5.3.0/../../../../../H-x86_64-mingw32/nios2-elf/lib/mno-hw-mul\libsmallc.a(lib_a-impure.o)
                0x000000000f8027e4                _impure_ptr
 .sdata.__ctype_ptr__
                0x000000000f8027e8        0x4 c:/develop/quartus/17.1/nios2eds/bin/gnu/h-x86_64-mingw32/bin/../lib/gcc/nios2-elf/5.3.0/../../../../../H-x86_64-mingw32/nios2-elf/lib/mno-hw-mul\libsmallc.a(lib_a-ctype_.o)
                0x000000000f8027e8                __ctype_ptr__
 .sdata         0x000000000f8027ec        0x4 ../biotite_memtest_bsp/\libhal_bsp.a(alt_sys_init.o)
                0x000000000f8027ec                jtag_uart
 .sdata         0x000000000f8027f0        0x8 ../biotite_memtest_bsp/\libhal_bsp.a(altera_onchip_flash.o)
                0x000000000f8027f0                altera_onchip_flash_list
 .sdata         0x000000000f8027f8       0x14 ../biotite_memtest_bsp/\libhal_bsp.a(alt_dev.o)
                0x000000000f8027f8                alt_max_fd
                0x000000000f8027fc                alt_dev_list
                0x000000000f802804                alt_fs_list
 .sdata         0x000000000f80280c        0x4 ../biotite_memtest_bsp/\libhal_bsp.a(alt_errno.o)
                0x000000000f80280c                alt_errno
 .sdata         0x000000000f802810        0x8 ../biotite_memtest_bsp/\libhal_bsp.a(alt_flash_dev.o)
                0x000000000f802810                alt_flash_dev_list
 *(.sdata2 .sdata2.* .gnu.linkonce.s2.*)
                0x000000000f802818                . = ALIGN (0x4)
                0x000000000f802818                _edata = ABSOLUTE (.)
                [!provide]                        PROVIDE (edata, ABSOLUTE (.))
                [!provide]                        PROVIDE (__ram_rwdata_end, ABSOLUTE (.))
                [!provide]                        PROVIDE (__flash_rwdata_start, LOADADDR (.rwdata))

.bss            0x000000000f802818       0x10
                0x000000000f802818                __bss_start = ABSOLUTE (.)
                [!provide]                        PROVIDE (__sbss_start, ABSOLUTE (.))
                [!provide]                        PROVIDE (___sbss_start, ABSOLUTE (.))
 *(.dynsbss)
 *(.sbss .sbss.* .gnu.linkonce.sb.*)
 .sbss          0x000000000f802818        0x4 c:/develop/quartus/17.1/nios2eds/bin/gnu/h-x86_64-mingw32/bin/../lib/gcc/nios2-elf/5.3.0/../../../../../H-x86_64-mingw32/nios2-elf/lib/mno-hw-mul\libsmallc.a(lib_a-int_errno.o)
                0x000000000f802818                errno
 .sbss          0x000000000f80281c        0xc ../biotite_memtest_bsp/\libhal_bsp.a(alt_main.o)
                0x000000000f80281c                alt_envp
                0x000000000f802820                alt_argv
                0x000000000f802824                alt_argc
 *(.sbss2 .sbss2.* .gnu.linkonce.sb2.*)
 *(.scommon)
                [!provide]                        PROVIDE (__sbss_end, ABSOLUTE (.))
                [!provide]                        PROVIDE (___sbss_end, ABSOLUTE (.))
 *(.dynbss)
 *(.bss .bss.* .gnu.linkonce.b.*)
 .bss           0x000000000f802828        0x0 ../biotite_memtest_bsp//obj/HAL/src/crt0.o
 .bss           0x000000000f802828        0x0 obj/default/memtest_small.o
 .bss           0x000000000f802828        0x0 c:/develop/quartus/17.1/nios2eds/bin/gnu/h-x86_64-mingw32/bin/../lib/gcc/nios2-elf/5.3.0/../../../../../H-x86_64-mingw32/nios2-elf/lib/mno-hw-mul\libsmallc.a(lib_a-impure.o)
 .bss           0x000000000f802828        0x0 c:/develop/quartus/17.1/nios2eds/bin/gnu/h-x86_64-mingw32/bin/../lib/gcc/nios2-elf/5.3.0/../../../../../H-x86_64-mingw32/nios2-elf/lib/mno-hw-mul\libsmallc.a(lib_a-printf.o)
 .bss           0x000000000f802828        0x0 c:/develop/quartus/17.1/nios2eds/bin/gnu/h-x86_64-mingw32/bin/../lib/gcc/nios2-elf/5.3.0/../../../../../H-x86_64-mingw32/nios2-elf/lib/mno-hw-mul\libsmallc.a(lib_a-putc.o)
 .bss           0x000000000f802828        0x0 c:/develop/quartus/17.1/nios2eds/bin/gnu/h-x86_64-mingw32/bin/../lib/gcc/nios2-elf/5.3.0/../../../../../H-x86_64-mingw32/nios2-elf/lib/mno-hw-mul\libsmallc.a(lib_a-putchar.o)
 .bss           0x000000000f802828        0x0 c:/develop/quartus/17.1/nios2eds/bin/gnu/h-x86_64-mingw32/bin/../lib/gcc/nios2-elf/5.3.0/../../../../../H-x86_64-mingw32/nios2-elf/lib/mno-hw-mul\libsmallc.a(lib_a-puts.o)
 .bss           0x000000000f802828        0x0 c:/develop/quartus/17.1/nios2eds/bin/gnu/h-x86_64-mingw32/bin/../lib/gcc/nios2-elf/5.3.0/../../../../../H-x86_64-mingw32/nios2-elf/lib/mno-hw-mul\libsmallc.a(lib_a-strlen.o)
 .bss           0x000000000f802828        0x0 c:/develop/quartus/17.1/nios2eds/bin/gnu/h-x86_64-mingw32/bin/../lib/gcc/nios2-elf/5.3.0/../../../../../H-x86_64-mingw32/nios2-elf/lib/mno-hw-mul\libsmallc.a(lib_a-strtol.o)
 .bss           0x000000000f802828        0x0 c:/develop/quartus/17.1/nios2eds/bin/gnu/h-x86_64-mingw32/bin/../lib/gcc/nios2-elf/5.3.0/../../../../../H-x86_64-mingw32/nios2-elf/lib/mno-hw-mul\libsmallc.a(lib_a-vfprintf.o)
 .bss           0x000000000f802828        0x0 c:/develop/quartus/17.1/nios2eds/bin/gnu/h-x86_64-mingw32/bin/../lib/gcc/nios2-elf/5.3.0/../../../../../H-x86_64-mingw32/nios2-elf/lib/mno-hw-mul\libsmallc.a(lib_a-ctype_.o)
 .bss           0x000000000f802828        0x0 c:/develop/quartus/17.1/nios2eds/bin/gnu/h-x86_64-mingw32/bin/../lib/gcc/nios2-elf/5.3.0/../../../../../H-x86_64-mingw32/nios2-elf/lib/mno-hw-mul\libsmallc.a(lib_a-fvwrite_small_dev.o)
 .bss           0x000000000f802828        0x0 c:/develop/quartus/17.1/nios2eds/bin/gnu/h-x86_64-mingw32/bin/../lib/gcc/nios2-elf/5.3.0/../../../../../H-x86_64-mingw32/nios2-elf/lib/mno-hw-mul\libsmallc.a(lib_a-writer.o)
 .bss           0x000000000f802828        0x0 c:/develop/quartus/17.1/nios2eds/bin/gnu/h-x86_64-mingw32/bin/../lib/gcc/nios2-elf/5.3.0/../../../../../H-x86_64-mingw32/nios2-elf/lib/mno-hw-mul\libsmallc.a(lib_a-int_errno.o)
 .bss           0x000000000f802828        0x0 c:/develop/quartus/17.1/nios2eds/bin/gnu/h-x86_64-mingw32/bin/../lib/gcc/nios2-elf/5.3.0/mno-hw-mul\libgcc.a(lib2-divmod.o)
 .bss           0x000000000f802828        0x0 c:/develop/quartus/17.1/nios2eds/bin/gnu/h-x86_64-mingw32/bin/../lib/gcc/nios2-elf/5.3.0/mno-hw-mul\libgcc.a(lib2-mul.o)
 .bss           0x000000000f802828        0x0 ../biotite_memtest_bsp/\libhal_bsp.a(alt_getchar.o)
 .bss           0x000000000f802828        0x0 ../biotite_memtest_bsp/\libhal_bsp.a(alt_main.o)
 .bss           0x000000000f802828        0x0 ../biotite_memtest_bsp/\libhal_bsp.a(alt_write.o)
 .bss           0x000000000f802828        0x0 ../biotite_memtest_bsp/\libhal_bsp.a(alt_sys_init.o)
 .bss           0x000000000f802828        0x0 ../biotite_memtest_bsp/\libhal_bsp.a(altera_avalon_jtag_uart_read.o)
 .bss           0x000000000f802828        0x0 ../biotite_memtest_bsp/\libhal_bsp.a(altera_avalon_jtag_uart_write.o)
 .bss           0x000000000f802828        0x0 ../biotite_memtest_bsp/\libhal_bsp.a(altera_onchip_flash.o)
 .bss           0x000000000f802828        0x0 ../biotite_memtest_bsp/\libhal_bsp.a(alt_busy_sleep.o)
 .bss           0x000000000f802828        0x0 ../biotite_memtest_bsp/\libhal_bsp.a(alt_dcache_flush.o)
 .bss           0x000000000f802828        0x0 ../biotite_memtest_bsp/\libhal_bsp.a(alt_dev.o)
 .bss           0x000000000f802828        0x0 ../biotite_memtest_bsp/\libhal_bsp.a(alt_dev_llist_insert.o)
 .bss           0x000000000f802828        0x0 ../biotite_memtest_bsp/\libhal_bsp.a(alt_errno.o)
 .bss           0x000000000f802828        0x0 ../biotite_memtest_bsp/\libhal_bsp.a(alt_flash_dev.o)
 .bss           0x000000000f802828        0x0 ../biotite_memtest_bsp/\libhal_bsp.a(altera_nios2_gen2_irq.o)
 .bss           0x000000000f802828        0x0 ../biotite_memtest_bsp/\libhal_bsp.a(alt_find_dev.o)
 .bss           0x000000000f802828        0x0 c:/develop/quartus/17.1/nios2eds/bin/gnu/h-x86_64-mingw32/bin/../lib/gcc/nios2-elf/5.3.0/../../../../../H-x86_64-mingw32/nios2-elf/lib/mno-hw-mul\libsmallc.a(lib_a-memcmp.o)
 .bss           0x000000000f802828        0x0 c:/develop/quartus/17.1/nios2eds/bin/gnu/h-x86_64-mingw32/bin/../lib/gcc/nios2-elf/5.3.0/../../../../../H-x86_64-mingw32/nios2-elf/lib/mno-hw-mul\libsmallc.a(lib_a-memcpy.o)
 *(COMMON)
                0x000000000f802828                . = ALIGN (0x4)
                0x000000000f802828                __bss_end = ABSOLUTE (.)

.peridot_qspi_psram_0
                0x0000000000000000        0x0
                [!provide]                        PROVIDE (_alt_partition_peridot_qspi_psram_0_start, ABSOLUTE (.))
 *(.peridot_qspi_psram_0 .peridot_qspi_psram_0. peridot_qspi_psram_0.*)
                0x0000000000000000                . = ALIGN (0x4)
                [!provide]                        PROVIDE (_alt_partition_peridot_qspi_psram_0_end, ABSOLUTE (.))
                [!provide]                        PROVIDE (_alt_partition_peridot_qspi_psram_0_load_addr, LOADADDR (.peridot_qspi_psram_0))

.boot_flash_data
                0x000000000f000020        0x0
                [!provide]                        PROVIDE (_alt_partition_boot_flash_data_start, ABSOLUTE (.))
 *(.boot_flash_data .boot_flash_data. boot_flash_data.*)
                0x000000000f000020                . = ALIGN (0x4)
                [!provide]                        PROVIDE (_alt_partition_boot_flash_data_end, ABSOLUTE (.))
                [!provide]                        PROVIDE (_alt_partition_boot_flash_data_load_addr, LOADADDR (.boot_flash_data))

.onchip_memory2_0
                0x000000000f802828        0x0
                [!provide]                        PROVIDE (_alt_partition_onchip_memory2_0_start, ABSOLUTE (.))
 *(.onchip_memory2_0 .onchip_memory2_0. onchip_memory2_0.*)
                0x000000000f802828                . = ALIGN (0x4)
                [!provide]                        PROVIDE (_alt_partition_onchip_memory2_0_end, ABSOLUTE (.))
                0x000000000f802828                _end = ABSOLUTE (.)
                0x000000000f802828                end = ABSOLUTE (.)
                0x000000000f802828                __alt_stack_base = ABSOLUTE (.)
                [!provide]                        PROVIDE (_alt_partition_onchip_memory2_0_load_addr, LOADADDR (.onchip_memory2_0))

.stab
 *(.stab)

.stabstr
 *(.stabstr)

.stab.excl
 *(.stab.excl)

.stab.exclstr
 *(.stab.exclstr)

.stab.index
 *(.stab.index)

.stab.indexstr
 *(.stab.indexstr)

.comment        0x0000000000000000       0x23
 *(.comment)
 .comment       0x0000000000000000       0x23 obj/default/memtest_small.o
                                         0x24 (size before relaxing)
 .comment       0x0000000000000023       0x24 c:/develop/quartus/17.1/nios2eds/bin/gnu/h-x86_64-mingw32/bin/../lib/gcc/nios2-elf/5.3.0/../../../../../H-x86_64-mingw32/nios2-elf/lib/mno-hw-mul\libsmallc.a(lib_a-impure.o)
 .comment       0x0000000000000023       0x24 c:/develop/quartus/17.1/nios2eds/bin/gnu/h-x86_64-mingw32/bin/../lib/gcc/nios2-elf/5.3.0/../../../../../H-x86_64-mingw32/nios2-elf/lib/mno-hw-mul\libsmallc.a(lib_a-printf.o)
 .comment       0x0000000000000023       0x24 c:/develop/quartus/17.1/nios2eds/bin/gnu/h-x86_64-mingw32/bin/../lib/gcc/nios2-elf/5.3.0/../../../../../H-x86_64-mingw32/nios2-elf/lib/mno-hw-mul\libsmallc.a(lib_a-putc.o)
 .comment       0x0000000000000023       0x24 c:/develop/quartus/17.1/nios2eds/bin/gnu/h-x86_64-mingw32/bin/../lib/gcc/nios2-elf/5.3.0/../../../../../H-x86_64-mingw32/nios2-elf/lib/mno-hw-mul\libsmallc.a(lib_a-putchar.o)
 .comment       0x0000000000000023       0x24 c:/develop/quartus/17.1/nios2eds/bin/gnu/h-x86_64-mingw32/bin/../lib/gcc/nios2-elf/5.3.0/../../../../../H-x86_64-mingw32/nios2-elf/lib/mno-hw-mul\libsmallc.a(lib_a-puts.o)
 .comment       0x0000000000000023       0x24 c:/develop/quartus/17.1/nios2eds/bin/gnu/h-x86_64-mingw32/bin/../lib/gcc/nios2-elf/5.3.0/../../../../../H-x86_64-mingw32/nios2-elf/lib/mno-hw-mul\libsmallc.a(lib_a-strlen.o)
 .comment       0x0000000000000023       0x24 c:/develop/quartus/17.1/nios2eds/bin/gnu/h-x86_64-mingw32/bin/../lib/gcc/nios2-elf/5.3.0/../../../../../H-x86_64-mingw32/nios2-elf/lib/mno-hw-mul\libsmallc.a(lib_a-strtol.o)
 .comment       0x0000000000000023       0x24 c:/develop/quartus/17.1/nios2eds/bin/gnu/h-x86_64-mingw32/bin/../lib/gcc/nios2-elf/5.3.0/../../../../../H-x86_64-mingw32/nios2-elf/lib/mno-hw-mul\libsmallc.a(lib_a-vfprintf.o)
 .comment       0x0000000000000023       0x24 c:/develop/quartus/17.1/nios2eds/bin/gnu/h-x86_64-mingw32/bin/../lib/gcc/nios2-elf/5.3.0/../../../../../H-x86_64-mingw32/nios2-elf/lib/mno-hw-mul\libsmallc.a(lib_a-ctype_.o)
 .comment       0x0000000000000023       0x24 c:/develop/quartus/17.1/nios2eds/bin/gnu/h-x86_64-mingw32/bin/../lib/gcc/nios2-elf/5.3.0/../../../../../H-x86_64-mingw32/nios2-elf/lib/mno-hw-mul\libsmallc.a(lib_a-fvwrite_small_dev.o)
 .comment       0x0000000000000023       0x24 c:/develop/quartus/17.1/nios2eds/bin/gnu/h-x86_64-mingw32/bin/../lib/gcc/nios2-elf/5.3.0/../../../../../H-x86_64-mingw32/nios2-elf/lib/mno-hw-mul\libsmallc.a(lib_a-writer.o)
 .comment       0x0000000000000023       0x24 c:/develop/quartus/17.1/nios2eds/bin/gnu/h-x86_64-mingw32/bin/../lib/gcc/nios2-elf/5.3.0/../../../../../H-x86_64-mingw32/nios2-elf/lib/mno-hw-mul\libsmallc.a(lib_a-int_errno.o)
 .comment       0x0000000000000023       0x24 c:/develop/quartus/17.1/nios2eds/bin/gnu/h-x86_64-mingw32/bin/../lib/gcc/nios2-elf/5.3.0/mno-hw-mul\libgcc.a(lib2-divmod.o)
 .comment       0x0000000000000023       0x24 c:/develop/quartus/17.1/nios2eds/bin/gnu/h-x86_64-mingw32/bin/../lib/gcc/nios2-elf/5.3.0/mno-hw-mul\libgcc.a(lib2-mul.o)
 .comment       0x0000000000000023       0x24 ../biotite_memtest_bsp/\libhal_bsp.a(alt_getchar.o)
 .comment       0x0000000000000023       0x24 ../biotite_memtest_bsp/\libhal_bsp.a(alt_main.o)
 .comment       0x0000000000000023       0x24 ../biotite_memtest_bsp/\libhal_bsp.a(alt_write.o)
 .comment       0x0000000000000023       0x24 ../biotite_memtest_bsp/\libhal_bsp.a(alt_sys_init.o)
 .comment       0x0000000000000023       0x24 ../biotite_memtest_bsp/\libhal_bsp.a(altera_avalon_jtag_uart_read.o)
 .comment       0x0000000000000023       0x24 ../biotite_memtest_bsp/\libhal_bsp.a(altera_avalon_jtag_uart_write.o)
 .comment       0x0000000000000023       0x24 ../biotite_memtest_bsp/\libhal_bsp.a(altera_onchip_flash.o)
 .comment       0x0000000000000023       0x24 ../biotite_memtest_bsp/\libhal_bsp.a(alt_busy_sleep.o)
 .comment       0x0000000000000023       0x24 ../biotite_memtest_bsp/\libhal_bsp.a(alt_dcache_flush.o)
 .comment       0x0000000000000023       0x24 ../biotite_memtest_bsp/\libhal_bsp.a(alt_dev.o)
 .comment       0x0000000000000023       0x24 ../biotite_memtest_bsp/\libhal_bsp.a(alt_dev_llist_insert.o)
 .comment       0x0000000000000023       0x24 ../biotite_memtest_bsp/\libhal_bsp.a(alt_errno.o)
 .comment       0x0000000000000023       0x24 ../biotite_memtest_bsp/\libhal_bsp.a(alt_flash_dev.o)
 .comment       0x0000000000000023       0x24 ../biotite_memtest_bsp/\libhal_bsp.a(altera_nios2_gen2_irq.o)
 .comment       0x0000000000000023       0x24 ../biotite_memtest_bsp/\libhal_bsp.a(alt_find_dev.o)
 .comment       0x0000000000000023       0x24 c:/develop/quartus/17.1/nios2eds/bin/gnu/h-x86_64-mingw32/bin/../lib/gcc/nios2-elf/5.3.0/../../../../../H-x86_64-mingw32/nios2-elf/lib/mno-hw-mul\libsmallc.a(lib_a-memcmp.o)
 .comment       0x0000000000000023       0x24 c:/develop/quartus/17.1/nios2eds/bin/gnu/h-x86_64-mingw32/bin/../lib/gcc/nios2-elf/5.3.0/../../../../../H-x86_64-mingw32/nios2-elf/lib/mno-hw-mul\libsmallc.a(lib_a-memcpy.o)

.debug
 *(.debug)

.line
 *(.line)

.debug_srcinfo
 *(.debug_srcinfo)

.debug_sfnames
 *(.debug_sfnames)

.debug_aranges  0x0000000000000000      0x440
 *(.debug_aranges)
 .debug_aranges
                0x0000000000000000       0x20 ../biotite_memtest_bsp//obj/HAL/src/crt0.o
 .debug_aranges
                0x0000000000000020       0x28 obj/default/memtest_small.o
 .debug_aranges
                0x0000000000000048       0x18 c:/develop/quartus/17.1/nios2eds/bin/gnu/h-x86_64-mingw32/bin/../lib/gcc/nios2-elf/5.3.0/../../../../../H-x86_64-mingw32/nios2-elf/lib/mno-hw-mul\libsmallc.a(lib_a-impure.o)
 .debug_aranges
                0x0000000000000060       0x28 c:/develop/quartus/17.1/nios2eds/bin/gnu/h-x86_64-mingw32/bin/../lib/gcc/nios2-elf/5.3.0/../../../../../H-x86_64-mingw32/nios2-elf/lib/mno-hw-mul\libsmallc.a(lib_a-printf.o)
 .debug_aranges
                0x0000000000000088       0x28 c:/develop/quartus/17.1/nios2eds/bin/gnu/h-x86_64-mingw32/bin/../lib/gcc/nios2-elf/5.3.0/../../../../../H-x86_64-mingw32/nios2-elf/lib/mno-hw-mul\libsmallc.a(lib_a-putc.o)
 .debug_aranges
                0x00000000000000b0       0x28 c:/develop/quartus/17.1/nios2eds/bin/gnu/h-x86_64-mingw32/bin/../lib/gcc/nios2-elf/5.3.0/../../../../../H-x86_64-mingw32/nios2-elf/lib/mno-hw-mul\libsmallc.a(lib_a-putchar.o)
 .debug_aranges
                0x00000000000000d8       0x28 c:/develop/quartus/17.1/nios2eds/bin/gnu/h-x86_64-mingw32/bin/../lib/gcc/nios2-elf/5.3.0/../../../../../H-x86_64-mingw32/nios2-elf/lib/mno-hw-mul\libsmallc.a(lib_a-puts.o)
 .debug_aranges
                0x0000000000000100       0x20 c:/develop/quartus/17.1/nios2eds/bin/gnu/h-x86_64-mingw32/bin/../lib/gcc/nios2-elf/5.3.0/../../../../../H-x86_64-mingw32/nios2-elf/lib/mno-hw-mul\libsmallc.a(lib_a-strlen.o)
 .debug_aranges
                0x0000000000000120       0x28 c:/develop/quartus/17.1/nios2eds/bin/gnu/h-x86_64-mingw32/bin/../lib/gcc/nios2-elf/5.3.0/../../../../../H-x86_64-mingw32/nios2-elf/lib/mno-hw-mul\libsmallc.a(lib_a-strtol.o)
 .debug_aranges
                0x0000000000000148       0x30 c:/develop/quartus/17.1/nios2eds/bin/gnu/h-x86_64-mingw32/bin/../lib/gcc/nios2-elf/5.3.0/../../../../../H-x86_64-mingw32/nios2-elf/lib/mno-hw-mul\libsmallc.a(lib_a-vfprintf.o)
 .debug_aranges
                0x0000000000000178       0x18 c:/develop/quartus/17.1/nios2eds/bin/gnu/h-x86_64-mingw32/bin/../lib/gcc/nios2-elf/5.3.0/../../../../../H-x86_64-mingw32/nios2-elf/lib/mno-hw-mul\libsmallc.a(lib_a-ctype_.o)
 .debug_aranges
                0x0000000000000190       0x20 c:/develop/quartus/17.1/nios2eds/bin/gnu/h-x86_64-mingw32/bin/../lib/gcc/nios2-elf/5.3.0/../../../../../H-x86_64-mingw32/nios2-elf/lib/mno-hw-mul\libsmallc.a(lib_a-fvwrite_small_dev.o)
 .debug_aranges
                0x00000000000001b0       0x20 c:/develop/quartus/17.1/nios2eds/bin/gnu/h-x86_64-mingw32/bin/../lib/gcc/nios2-elf/5.3.0/../../../../../H-x86_64-mingw32/nios2-elf/lib/mno-hw-mul\libsmallc.a(lib_a-writer.o)
 .debug_aranges
                0x00000000000001d0       0x18 c:/develop/quartus/17.1/nios2eds/bin/gnu/h-x86_64-mingw32/bin/../lib/gcc/nios2-elf/5.3.0/../../../../../H-x86_64-mingw32/nios2-elf/lib/mno-hw-mul\libsmallc.a(lib_a-int_errno.o)
 .debug_aranges
                0x00000000000001e8       0x20 c:/develop/quartus/17.1/nios2eds/bin/gnu/h-x86_64-mingw32/bin/../lib/gcc/nios2-elf/5.3.0/mno-hw-mul\libgcc.a(lib2-divmod.o)
 .debug_aranges
                0x0000000000000208       0x20 c:/develop/quartus/17.1/nios2eds/bin/gnu/h-x86_64-mingw32/bin/../lib/gcc/nios2-elf/5.3.0/mno-hw-mul\libgcc.a(lib2-mul.o)
 .debug_aranges
                0x0000000000000228       0x20 ../biotite_memtest_bsp/\libhal_bsp.a(alt_getchar.o)
 .debug_aranges
                0x0000000000000248       0x20 ../biotite_memtest_bsp/\libhal_bsp.a(alt_main.o)
 .debug_aranges
                0x0000000000000268       0x20 ../biotite_memtest_bsp/\libhal_bsp.a(alt_write.o)
 .debug_aranges
                0x0000000000000288       0x20 ../biotite_memtest_bsp/\libhal_bsp.a(alt_sys_init.o)
 .debug_aranges
                0x00000000000002a8       0x20 ../biotite_memtest_bsp/\libhal_bsp.a(altera_avalon_jtag_uart_read.o)
 .debug_aranges
                0x00000000000002c8       0x20 ../biotite_memtest_bsp/\libhal_bsp.a(altera_avalon_jtag_uart_write.o)
 .debug_aranges
                0x00000000000002e8       0x20 ../biotite_memtest_bsp/\libhal_bsp.a(altera_onchip_flash.o)
 .debug_aranges
                0x0000000000000308       0x20 ../biotite_memtest_bsp/\libhal_bsp.a(alt_busy_sleep.o)
 .debug_aranges
                0x0000000000000328       0x20 ../biotite_memtest_bsp/\libhal_bsp.a(alt_dcache_flush.o)
 .debug_aranges
                0x0000000000000348       0x20 ../biotite_memtest_bsp/\libhal_bsp.a(alt_dev.o)
 .debug_aranges
                0x0000000000000368       0x20 ../biotite_memtest_bsp/\libhal_bsp.a(alt_dev_llist_insert.o)
 .debug_aranges
                0x0000000000000388       0x18 ../biotite_memtest_bsp/\libhal_bsp.a(alt_errno.o)
 .debug_aranges
                0x00000000000003a0       0x20 ../biotite_memtest_bsp/\libhal_bsp.a(alt_flash_dev.o)
 .debug_aranges
                0x00000000000003c0       0x20 ../biotite_memtest_bsp/\libhal_bsp.a(altera_nios2_gen2_irq.o)
 .debug_aranges
                0x00000000000003e0       0x20 ../biotite_memtest_bsp/\libhal_bsp.a(alt_find_dev.o)
 .debug_aranges
                0x0000000000000400       0x20 c:/develop/quartus/17.1/nios2eds/bin/gnu/h-x86_64-mingw32/bin/../lib/gcc/nios2-elf/5.3.0/../../../../../H-x86_64-mingw32/nios2-elf/lib/mno-hw-mul\libsmallc.a(lib_a-memcmp.o)
 .debug_aranges
                0x0000000000000420       0x20 c:/develop/quartus/17.1/nios2eds/bin/gnu/h-x86_64-mingw32/bin/../lib/gcc/nios2-elf/5.3.0/../../../../../H-x86_64-mingw32/nios2-elf/lib/mno-hw-mul\libsmallc.a(lib_a-memcpy.o)

.debug_pubnames
 *(.debug_pubnames)

.debug_info     0x0000000000000000     0x7ff2
 *(.debug_info .gnu.linkonce.wi.*)
 .debug_info    0x0000000000000000       0x84 ../biotite_memtest_bsp//obj/HAL/src/crt0.o
 .debug_info    0x0000000000000084      0xf9f obj/default/memtest_small.o
 .debug_info    0x0000000000001023      0x5a9 c:/develop/quartus/17.1/nios2eds/bin/gnu/h-x86_64-mingw32/bin/../lib/gcc/nios2-elf/5.3.0/../../../../../H-x86_64-mingw32/nios2-elf/lib/mno-hw-mul\libsmallc.a(lib_a-impure.o)
 .debug_info    0x00000000000015cc      0x699 c:/develop/quartus/17.1/nios2eds/bin/gnu/h-x86_64-mingw32/bin/../lib/gcc/nios2-elf/5.3.0/../../../../../H-x86_64-mingw32/nios2-elf/lib/mno-hw-mul\libsmallc.a(lib_a-printf.o)
 .debug_info    0x0000000000001c65      0x672 c:/develop/quartus/17.1/nios2eds/bin/gnu/h-x86_64-mingw32/bin/../lib/gcc/nios2-elf/5.3.0/../../../../../H-x86_64-mingw32/nios2-elf/lib/mno-hw-mul\libsmallc.a(lib_a-putc.o)
 .debug_info    0x00000000000022d7      0x62a c:/develop/quartus/17.1/nios2eds/bin/gnu/h-x86_64-mingw32/bin/../lib/gcc/nios2-elf/5.3.0/../../../../../H-x86_64-mingw32/nios2-elf/lib/mno-hw-mul\libsmallc.a(lib_a-putchar.o)
 .debug_info    0x0000000000002901      0x66d c:/develop/quartus/17.1/nios2eds/bin/gnu/h-x86_64-mingw32/bin/../lib/gcc/nios2-elf/5.3.0/../../../../../H-x86_64-mingw32/nios2-elf/lib/mno-hw-mul\libsmallc.a(lib_a-puts.o)
 .debug_info    0x0000000000002f6e       0xc9 c:/develop/quartus/17.1/nios2eds/bin/gnu/h-x86_64-mingw32/bin/../lib/gcc/nios2-elf/5.3.0/../../../../../H-x86_64-mingw32/nios2-elf/lib/mno-hw-mul\libsmallc.a(lib_a-strlen.o)
 .debug_info    0x0000000000003037      0x6cd c:/develop/quartus/17.1/nios2eds/bin/gnu/h-x86_64-mingw32/bin/../lib/gcc/nios2-elf/5.3.0/../../../../../H-x86_64-mingw32/nios2-elf/lib/mno-hw-mul\libsmallc.a(lib_a-strtol.o)
 .debug_info    0x0000000000003704      0xb2b c:/develop/quartus/17.1/nios2eds/bin/gnu/h-x86_64-mingw32/bin/../lib/gcc/nios2-elf/5.3.0/../../../../../H-x86_64-mingw32/nios2-elf/lib/mno-hw-mul\libsmallc.a(lib_a-vfprintf.o)
 .debug_info    0x000000000000422f       0x96 c:/develop/quartus/17.1/nios2eds/bin/gnu/h-x86_64-mingw32/bin/../lib/gcc/nios2-elf/5.3.0/../../../../../H-x86_64-mingw32/nios2-elf/lib/mno-hw-mul\libsmallc.a(lib_a-ctype_.o)
 .debug_info    0x00000000000042c5      0x62b c:/develop/quartus/17.1/nios2eds/bin/gnu/h-x86_64-mingw32/bin/../lib/gcc/nios2-elf/5.3.0/../../../../../H-x86_64-mingw32/nios2-elf/lib/mno-hw-mul\libsmallc.a(lib_a-fvwrite_small_dev.o)
 .debug_info    0x00000000000048f0      0x630 c:/develop/quartus/17.1/nios2eds/bin/gnu/h-x86_64-mingw32/bin/../lib/gcc/nios2-elf/5.3.0/../../../../../H-x86_64-mingw32/nios2-elf/lib/mno-hw-mul\libsmallc.a(lib_a-writer.o)
 .debug_info    0x0000000000004f20       0x8a c:/develop/quartus/17.1/nios2eds/bin/gnu/h-x86_64-mingw32/bin/../lib/gcc/nios2-elf/5.3.0/../../../../../H-x86_64-mingw32/nios2-elf/lib/mno-hw-mul\libsmallc.a(lib_a-int_errno.o)
 .debug_info    0x0000000000004faa      0x2c6 c:/develop/quartus/17.1/nios2eds/bin/gnu/h-x86_64-mingw32/bin/../lib/gcc/nios2-elf/5.3.0/mno-hw-mul\libgcc.a(lib2-divmod.o)
 .debug_info    0x0000000000005270       0xb4 c:/develop/quartus/17.1/nios2eds/bin/gnu/h-x86_64-mingw32/bin/../lib/gcc/nios2-elf/5.3.0/mno-hw-mul\libgcc.a(lib2-mul.o)
 .debug_info    0x0000000000005324      0x32d ../biotite_memtest_bsp/\libhal_bsp.a(alt_getchar.o)
 .debug_info    0x0000000000005651      0x169 ../biotite_memtest_bsp/\libhal_bsp.a(alt_main.o)
 .debug_info    0x00000000000057ba      0x1c7 ../biotite_memtest_bsp/\libhal_bsp.a(alt_write.o)
 .debug_info    0x0000000000005981      0x55f ../biotite_memtest_bsp/\libhal_bsp.a(alt_sys_init.o)
 .debug_info    0x0000000000005ee0      0x1b4 ../biotite_memtest_bsp/\libhal_bsp.a(altera_avalon_jtag_uart_read.o)
 .debug_info    0x0000000000006094      0x197 ../biotite_memtest_bsp/\libhal_bsp.a(altera_avalon_jtag_uart_write.o)
 .debug_info    0x000000000000622b      0xb5b ../biotite_memtest_bsp/\libhal_bsp.a(altera_onchip_flash.o)
 .debug_info    0x0000000000006d86       0xd8 ../biotite_memtest_bsp/\libhal_bsp.a(alt_busy_sleep.o)
 .debug_info    0x0000000000006e5e       0xba ../biotite_memtest_bsp/\libhal_bsp.a(alt_dcache_flush.o)
 .debug_info    0x0000000000006f18      0x499 ../biotite_memtest_bsp/\libhal_bsp.a(alt_dev.o)
 .debug_info    0x00000000000073b1      0x1b3 ../biotite_memtest_bsp/\libhal_bsp.a(alt_dev_llist_insert.o)
 .debug_info    0x0000000000007564       0xa6 ../biotite_memtest_bsp/\libhal_bsp.a(alt_errno.o)
 .debug_info    0x000000000000760a      0x41c ../biotite_memtest_bsp/\libhal_bsp.a(alt_flash_dev.o)
 .debug_info    0x0000000000007a26       0x92 ../biotite_memtest_bsp/\libhal_bsp.a(altera_nios2_gen2_irq.o)
 .debug_info    0x0000000000007ab8      0x32d ../biotite_memtest_bsp/\libhal_bsp.a(alt_find_dev.o)
 .debug_info    0x0000000000007de5       0xf4 c:/develop/quartus/17.1/nios2eds/bin/gnu/h-x86_64-mingw32/bin/../lib/gcc/nios2-elf/5.3.0/../../../../../H-x86_64-mingw32/nios2-elf/lib/mno-hw-mul\libsmallc.a(lib_a-memcmp.o)
 .debug_info    0x0000000000007ed9      0x119 c:/develop/quartus/17.1/nios2eds/bin/gnu/h-x86_64-mingw32/bin/../lib/gcc/nios2-elf/5.3.0/../../../../../H-x86_64-mingw32/nios2-elf/lib/mno-hw-mul\libsmallc.a(lib_a-memcpy.o)

.debug_abbrev   0x0000000000000000     0x263e
 *(.debug_abbrev)
 .debug_abbrev  0x0000000000000000       0x14 ../biotite_memtest_bsp//obj/HAL/src/crt0.o
 .debug_abbrev  0x0000000000000014      0x308 obj/default/memtest_small.o
 .debug_abbrev  0x000000000000031c      0x14a c:/develop/quartus/17.1/nios2eds/bin/gnu/h-x86_64-mingw32/bin/../lib/gcc/nios2-elf/5.3.0/../../../../../H-x86_64-mingw32/nios2-elf/lib/mno-hw-mul\libsmallc.a(lib_a-impure.o)
 .debug_abbrev  0x0000000000000466      0x1ee c:/develop/quartus/17.1/nios2eds/bin/gnu/h-x86_64-mingw32/bin/../lib/gcc/nios2-elf/5.3.0/../../../../../H-x86_64-mingw32/nios2-elf/lib/mno-hw-mul\libsmallc.a(lib_a-printf.o)
 .debug_abbrev  0x0000000000000654      0x1bd c:/develop/quartus/17.1/nios2eds/bin/gnu/h-x86_64-mingw32/bin/../lib/gcc/nios2-elf/5.3.0/../../../../../H-x86_64-mingw32/nios2-elf/lib/mno-hw-mul\libsmallc.a(lib_a-putc.o)
 .debug_abbrev  0x0000000000000811      0x1c0 c:/develop/quartus/17.1/nios2eds/bin/gnu/h-x86_64-mingw32/bin/../lib/gcc/nios2-elf/5.3.0/../../../../../H-x86_64-mingw32/nios2-elf/lib/mno-hw-mul\libsmallc.a(lib_a-putchar.o)
 .debug_abbrev  0x00000000000009d1      0x1d6 c:/develop/quartus/17.1/nios2eds/bin/gnu/h-x86_64-mingw32/bin/../lib/gcc/nios2-elf/5.3.0/../../../../../H-x86_64-mingw32/nios2-elf/lib/mno-hw-mul\libsmallc.a(lib_a-puts.o)
 .debug_abbrev  0x0000000000000ba7       0x7f c:/develop/quartus/17.1/nios2eds/bin/gnu/h-x86_64-mingw32/bin/../lib/gcc/nios2-elf/5.3.0/../../../../../H-x86_64-mingw32/nios2-elf/lib/mno-hw-mul\libsmallc.a(lib_a-strlen.o)
 .debug_abbrev  0x0000000000000c26      0x1e5 c:/develop/quartus/17.1/nios2eds/bin/gnu/h-x86_64-mingw32/bin/../lib/gcc/nios2-elf/5.3.0/../../../../../H-x86_64-mingw32/nios2-elf/lib/mno-hw-mul\libsmallc.a(lib_a-strtol.o)
 .debug_abbrev  0x0000000000000e0b      0x2a1 c:/develop/quartus/17.1/nios2eds/bin/gnu/h-x86_64-mingw32/bin/../lib/gcc/nios2-elf/5.3.0/../../../../../H-x86_64-mingw32/nios2-elf/lib/mno-hw-mul\libsmallc.a(lib_a-vfprintf.o)
 .debug_abbrev  0x00000000000010ac       0x5d c:/develop/quartus/17.1/nios2eds/bin/gnu/h-x86_64-mingw32/bin/../lib/gcc/nios2-elf/5.3.0/../../../../../H-x86_64-mingw32/nios2-elf/lib/mno-hw-mul\libsmallc.a(lib_a-ctype_.o)
 .debug_abbrev  0x0000000000001109      0x1bc c:/develop/quartus/17.1/nios2eds/bin/gnu/h-x86_64-mingw32/bin/../lib/gcc/nios2-elf/5.3.0/../../../../../H-x86_64-mingw32/nios2-elf/lib/mno-hw-mul\libsmallc.a(lib_a-fvwrite_small_dev.o)
 .debug_abbrev  0x00000000000012c5      0x1a6 c:/develop/quartus/17.1/nios2eds/bin/gnu/h-x86_64-mingw32/bin/../lib/gcc/nios2-elf/5.3.0/../../../../../H-x86_64-mingw32/nios2-elf/lib/mno-hw-mul\libsmallc.a(lib_a-writer.o)
 .debug_abbrev  0x000000000000146b       0x37 c:/develop/quartus/17.1/nios2eds/bin/gnu/h-x86_64-mingw32/bin/../lib/gcc/nios2-elf/5.3.0/../../../../../H-x86_64-mingw32/nios2-elf/lib/mno-hw-mul\libsmallc.a(lib_a-int_errno.o)
 .debug_abbrev  0x00000000000014a2      0x10e c:/develop/quartus/17.1/nios2eds/bin/gnu/h-x86_64-mingw32/bin/../lib/gcc/nios2-elf/5.3.0/mno-hw-mul\libgcc.a(lib2-divmod.o)
 .debug_abbrev  0x00000000000015b0       0x6f c:/develop/quartus/17.1/nios2eds/bin/gnu/h-x86_64-mingw32/bin/../lib/gcc/nios2-elf/5.3.0/mno-hw-mul\libgcc.a(lib2-mul.o)
 .debug_abbrev  0x000000000000161f      0x11d ../biotite_memtest_bsp/\libhal_bsp.a(alt_getchar.o)
 .debug_abbrev  0x000000000000173c       0xee ../biotite_memtest_bsp/\libhal_bsp.a(alt_main.o)
 .debug_abbrev  0x000000000000182a      0x12e ../biotite_memtest_bsp/\libhal_bsp.a(alt_write.o)
 .debug_abbrev  0x0000000000001958      0x168 ../biotite_memtest_bsp/\libhal_bsp.a(alt_sys_init.o)
 .debug_abbrev  0x0000000000001ac0      0x102 ../biotite_memtest_bsp/\libhal_bsp.a(altera_avalon_jtag_uart_read.o)
 .debug_abbrev  0x0000000000001bc2       0xd5 ../biotite_memtest_bsp/\libhal_bsp.a(altera_avalon_jtag_uart_write.o)
 .debug_abbrev  0x0000000000001c97      0x285 ../biotite_memtest_bsp/\libhal_bsp.a(altera_onchip_flash.o)
 .debug_abbrev  0x0000000000001f1c       0x8d ../biotite_memtest_bsp/\libhal_bsp.a(alt_busy_sleep.o)
 .debug_abbrev  0x0000000000001fa9       0x74 ../biotite_memtest_bsp/\libhal_bsp.a(alt_dcache_flush.o)
 .debug_abbrev  0x000000000000201d       0xd9 ../biotite_memtest_bsp/\libhal_bsp.a(alt_dev.o)
 .debug_abbrev  0x00000000000020f6      0x11c ../biotite_memtest_bsp/\libhal_bsp.a(alt_dev_llist_insert.o)
 .debug_abbrev  0x0000000000002212       0x5a ../biotite_memtest_bsp/\libhal_bsp.a(alt_errno.o)
 .debug_abbrev  0x000000000000226c      0x150 ../biotite_memtest_bsp/\libhal_bsp.a(alt_flash_dev.o)
 .debug_abbrev  0x00000000000023bc       0x42 ../biotite_memtest_bsp/\libhal_bsp.a(altera_nios2_gen2_irq.o)
 .debug_abbrev  0x00000000000023fe      0x125 ../biotite_memtest_bsp/\libhal_bsp.a(alt_find_dev.o)
 .debug_abbrev  0x0000000000002523       0x7f c:/develop/quartus/17.1/nios2eds/bin/gnu/h-x86_64-mingw32/bin/../lib/gcc/nios2-elf/5.3.0/../../../../../H-x86_64-mingw32/nios2-elf/lib/mno-hw-mul\libsmallc.a(lib_a-memcmp.o)
 .debug_abbrev  0x00000000000025a2       0x9c c:/develop/quartus/17.1/nios2eds/bin/gnu/h-x86_64-mingw32/bin/../lib/gcc/nios2-elf/5.3.0/../../../../../H-x86_64-mingw32/nios2-elf/lib/mno-hw-mul\libsmallc.a(lib_a-memcpy.o)

.debug_line     0x0000000000000000     0x2c26
 *(.debug_line)
 .debug_line    0x0000000000000000       0x51 ../biotite_memtest_bsp//obj/HAL/src/crt0.o
 .debug_line    0x0000000000000051      0x310 obj/default/memtest_small.o
 .debug_line    0x0000000000000361      0x156 c:/develop/quartus/17.1/nios2eds/bin/gnu/h-x86_64-mingw32/bin/../lib/gcc/nios2-elf/5.3.0/../../../../../H-x86_64-mingw32/nios2-elf/lib/mno-hw-mul\libsmallc.a(lib_a-impure.o)
 .debug_line    0x00000000000004b7      0x203 c:/develop/quartus/17.1/nios2eds/bin/gnu/h-x86_64-mingw32/bin/../lib/gcc/nios2-elf/5.3.0/../../../../../H-x86_64-mingw32/nios2-elf/lib/mno-hw-mul\libsmallc.a(lib_a-printf.o)
 .debug_line    0x00000000000006ba      0x202 c:/develop/quartus/17.1/nios2eds/bin/gnu/h-x86_64-mingw32/bin/../lib/gcc/nios2-elf/5.3.0/../../../../../H-x86_64-mingw32/nios2-elf/lib/mno-hw-mul\libsmallc.a(lib_a-putc.o)
 .debug_line    0x00000000000008bc      0x1e9 c:/develop/quartus/17.1/nios2eds/bin/gnu/h-x86_64-mingw32/bin/../lib/gcc/nios2-elf/5.3.0/../../../../../H-x86_64-mingw32/nios2-elf/lib/mno-hw-mul\libsmallc.a(lib_a-putchar.o)
 .debug_line    0x0000000000000aa5      0x206 c:/develop/quartus/17.1/nios2eds/bin/gnu/h-x86_64-mingw32/bin/../lib/gcc/nios2-elf/5.3.0/../../../../../H-x86_64-mingw32/nios2-elf/lib/mno-hw-mul\libsmallc.a(lib_a-puts.o)
 .debug_line    0x0000000000000cab      0x15c c:/develop/quartus/17.1/nios2eds/bin/gnu/h-x86_64-mingw32/bin/../lib/gcc/nios2-elf/5.3.0/../../../../../H-x86_64-mingw32/nios2-elf/lib/mno-hw-mul\libsmallc.a(lib_a-strlen.o)
 .debug_line    0x0000000000000e07      0x282 c:/develop/quartus/17.1/nios2eds/bin/gnu/h-x86_64-mingw32/bin/../lib/gcc/nios2-elf/5.3.0/../../../../../H-x86_64-mingw32/nios2-elf/lib/mno-hw-mul\libsmallc.a(lib_a-strtol.o)
 .debug_line    0x0000000000001089      0x351 c:/develop/quartus/17.1/nios2eds/bin/gnu/h-x86_64-mingw32/bin/../lib/gcc/nios2-elf/5.3.0/../../../../../H-x86_64-mingw32/nios2-elf/lib/mno-hw-mul\libsmallc.a(lib_a-vfprintf.o)
 .debug_line    0x00000000000013da       0xc7 c:/develop/quartus/17.1/nios2eds/bin/gnu/h-x86_64-mingw32/bin/../lib/gcc/nios2-elf/5.3.0/../../../../../H-x86_64-mingw32/nios2-elf/lib/mno-hw-mul\libsmallc.a(lib_a-ctype_.o)
 .debug_line    0x00000000000014a1      0x1f0 c:/develop/quartus/17.1/nios2eds/bin/gnu/h-x86_64-mingw32/bin/../lib/gcc/nios2-elf/5.3.0/../../../../../H-x86_64-mingw32/nios2-elf/lib/mno-hw-mul\libsmallc.a(lib_a-fvwrite_small_dev.o)
 .debug_line    0x0000000000001691      0x1ed c:/develop/quartus/17.1/nios2eds/bin/gnu/h-x86_64-mingw32/bin/../lib/gcc/nios2-elf/5.3.0/../../../../../H-x86_64-mingw32/nios2-elf/lib/mno-hw-mul\libsmallc.a(lib_a-writer.o)
 .debug_line    0x000000000000187e       0x5f c:/develop/quartus/17.1/nios2eds/bin/gnu/h-x86_64-mingw32/bin/../lib/gcc/nios2-elf/5.3.0/../../../../../H-x86_64-mingw32/nios2-elf/lib/mno-hw-mul\libsmallc.a(lib_a-int_errno.o)
 .debug_line    0x00000000000018dd      0x105 c:/develop/quartus/17.1/nios2eds/bin/gnu/h-x86_64-mingw32/bin/../lib/gcc/nios2-elf/5.3.0/mno-hw-mul\libgcc.a(lib2-divmod.o)
 .debug_line    0x00000000000019e2       0x80 c:/develop/quartus/17.1/nios2eds/bin/gnu/h-x86_64-mingw32/bin/../lib/gcc/nios2-elf/5.3.0/mno-hw-mul\libgcc.a(lib2-mul.o)
 .debug_line    0x0000000000001a62       0xb7 ../biotite_memtest_bsp/\libhal_bsp.a(alt_getchar.o)
 .debug_line    0x0000000000001b19       0xbd ../biotite_memtest_bsp/\libhal_bsp.a(alt_main.o)
 .debug_line    0x0000000000001bd6      0x16c ../biotite_memtest_bsp/\libhal_bsp.a(alt_write.o)
 .debug_line    0x0000000000001d42      0x15e ../biotite_memtest_bsp/\libhal_bsp.a(alt_sys_init.o)
 .debug_line    0x0000000000001ea0       0xfb ../biotite_memtest_bsp/\libhal_bsp.a(altera_avalon_jtag_uart_read.o)
 .debug_line    0x0000000000001f9b       0xf0 ../biotite_memtest_bsp/\libhal_bsp.a(altera_avalon_jtag_uart_write.o)
 .debug_line    0x000000000000208b      0x370 ../biotite_memtest_bsp/\libhal_bsp.a(altera_onchip_flash.o)
 .debug_line    0x00000000000023fb       0xb5 ../biotite_memtest_bsp/\libhal_bsp.a(alt_busy_sleep.o)
 .debug_line    0x00000000000024b0       0x63 ../biotite_memtest_bsp/\libhal_bsp.a(alt_dcache_flush.o)
 .debug_line    0x0000000000002513       0xf7 ../biotite_memtest_bsp/\libhal_bsp.a(alt_dev.o)
 .debug_line    0x000000000000260a       0xd8 ../biotite_memtest_bsp/\libhal_bsp.a(alt_dev_llist_insert.o)
 .debug_line    0x00000000000026e2       0x51 ../biotite_memtest_bsp/\libhal_bsp.a(alt_errno.o)
 .debug_line    0x0000000000002733       0xdd ../biotite_memtest_bsp/\libhal_bsp.a(alt_flash_dev.o)
 .debug_line    0x0000000000002810       0x50 ../biotite_memtest_bsp/\libhal_bsp.a(altera_nios2_gen2_irq.o)
 .debug_line    0x0000000000002860      0x108 ../biotite_memtest_bsp/\libhal_bsp.a(alt_find_dev.o)
 .debug_line    0x0000000000002968      0x160 c:/develop/quartus/17.1/nios2eds/bin/gnu/h-x86_64-mingw32/bin/../lib/gcc/nios2-elf/5.3.0/../../../../../H-x86_64-mingw32/nios2-elf/lib/mno-hw-mul\libsmallc.a(lib_a-memcmp.o)
 .debug_line    0x0000000000002ac8      0x15e c:/develop/quartus/17.1/nios2eds/bin/gnu/h-x86_64-mingw32/bin/../lib/gcc/nios2-elf/5.3.0/../../../../../H-x86_64-mingw32/nios2-elf/lib/mno-hw-mul\libsmallc.a(lib_a-memcpy.o)

.debug_frame    0x0000000000000000      0x7dc
 *(.debug_frame)
 .debug_frame   0x0000000000000000       0x84 obj/default/memtest_small.o
 .debug_frame   0x0000000000000084       0x48 c:/develop/quartus/17.1/nios2eds/bin/gnu/h-x86_64-mingw32/bin/../lib/gcc/nios2-elf/5.3.0/../../../../../H-x86_64-mingw32/nios2-elf/lib/mno-hw-mul\libsmallc.a(lib_a-printf.o)
 .debug_frame   0x00000000000000cc       0x50 c:/develop/quartus/17.1/nios2eds/bin/gnu/h-x86_64-mingw32/bin/../lib/gcc/nios2-elf/5.3.0/../../../../../H-x86_64-mingw32/nios2-elf/lib/mno-hw-mul\libsmallc.a(lib_a-putc.o)
 .debug_frame   0x000000000000011c       0x30 c:/develop/quartus/17.1/nios2eds/bin/gnu/h-x86_64-mingw32/bin/../lib/gcc/nios2-elf/5.3.0/../../../../../H-x86_64-mingw32/nios2-elf/lib/mno-hw-mul\libsmallc.a(lib_a-putchar.o)
 .debug_frame   0x000000000000014c       0x48 c:/develop/quartus/17.1/nios2eds/bin/gnu/h-x86_64-mingw32/bin/../lib/gcc/nios2-elf/5.3.0/../../../../../H-x86_64-mingw32/nios2-elf/lib/mno-hw-mul\libsmallc.a(lib_a-puts.o)
 .debug_frame   0x0000000000000194       0x20 c:/develop/quartus/17.1/nios2eds/bin/gnu/h-x86_64-mingw32/bin/../lib/gcc/nios2-elf/5.3.0/../../../../../H-x86_64-mingw32/nios2-elf/lib/mno-hw-mul\libsmallc.a(lib_a-strlen.o)
 .debug_frame   0x00000000000001b4       0x64 c:/develop/quartus/17.1/nios2eds/bin/gnu/h-x86_64-mingw32/bin/../lib/gcc/nios2-elf/5.3.0/../../../../../H-x86_64-mingw32/nios2-elf/lib/mno-hw-mul\libsmallc.a(lib_a-strtol.o)
 .debug_frame   0x0000000000000218       0x8c c:/develop/quartus/17.1/nios2eds/bin/gnu/h-x86_64-mingw32/bin/../lib/gcc/nios2-elf/5.3.0/../../../../../H-x86_64-mingw32/nios2-elf/lib/mno-hw-mul\libsmallc.a(lib_a-vfprintf.o)
 .debug_frame   0x00000000000002a4       0x58 c:/develop/quartus/17.1/nios2eds/bin/gnu/h-x86_64-mingw32/bin/../lib/gcc/nios2-elf/5.3.0/../../../../../H-x86_64-mingw32/nios2-elf/lib/mno-hw-mul\libsmallc.a(lib_a-fvwrite_small_dev.o)
 .debug_frame   0x00000000000002fc       0x38 c:/develop/quartus/17.1/nios2eds/bin/gnu/h-x86_64-mingw32/bin/../lib/gcc/nios2-elf/5.3.0/../../../../../H-x86_64-mingw32/nios2-elf/lib/mno-hw-mul\libsmallc.a(lib_a-writer.o)
 .debug_frame   0x0000000000000334       0x50 c:/develop/quartus/17.1/nios2eds/bin/gnu/h-x86_64-mingw32/bin/../lib/gcc/nios2-elf/5.3.0/mno-hw-mul\libgcc.a(lib2-divmod.o)
 .debug_frame   0x0000000000000384       0x20 c:/develop/quartus/17.1/nios2eds/bin/gnu/h-x86_64-mingw32/bin/../lib/gcc/nios2-elf/5.3.0/mno-hw-mul\libgcc.a(lib2-mul.o)
 .debug_frame   0x00000000000003a4       0x2c ../biotite_memtest_bsp/\libhal_bsp.a(alt_getchar.o)
 .debug_frame   0x00000000000003d0       0x2c ../biotite_memtest_bsp/\libhal_bsp.a(alt_main.o)
 .debug_frame   0x00000000000003fc       0x2c ../biotite_memtest_bsp/\libhal_bsp.a(alt_write.o)
 .debug_frame   0x0000000000000428       0x3c ../biotite_memtest_bsp/\libhal_bsp.a(alt_sys_init.o)
 .debug_frame   0x0000000000000464       0x20 ../biotite_memtest_bsp/\libhal_bsp.a(altera_avalon_jtag_uart_read.o)
 .debug_frame   0x0000000000000484       0x20 ../biotite_memtest_bsp/\libhal_bsp.a(altera_avalon_jtag_uart_write.o)
 .debug_frame   0x00000000000004a4      0x1b4 ../biotite_memtest_bsp/\libhal_bsp.a(altera_onchip_flash.o)
 .debug_frame   0x0000000000000658       0x30 ../biotite_memtest_bsp/\libhal_bsp.a(alt_busy_sleep.o)
 .debug_frame   0x0000000000000688       0x20 ../biotite_memtest_bsp/\libhal_bsp.a(alt_dcache_flush.o)
 .debug_frame   0x00000000000006a8       0x20 ../biotite_memtest_bsp/\libhal_bsp.a(alt_dev.o)
 .debug_frame   0x00000000000006c8       0x2c ../biotite_memtest_bsp/\libhal_bsp.a(alt_dev_llist_insert.o)
 .debug_frame   0x00000000000006f4       0x4c ../biotite_memtest_bsp/\libhal_bsp.a(alt_flash_dev.o)
 .debug_frame   0x0000000000000740       0x20 ../biotite_memtest_bsp/\libhal_bsp.a(altera_nios2_gen2_irq.o)
 .debug_frame   0x0000000000000760       0x3c ../biotite_memtest_bsp/\libhal_bsp.a(alt_find_dev.o)
 .debug_frame   0x000000000000079c       0x20 c:/develop/quartus/17.1/nios2eds/bin/gnu/h-x86_64-mingw32/bin/../lib/gcc/nios2-elf/5.3.0/../../../../../H-x86_64-mingw32/nios2-elf/lib/mno-hw-mul\libsmallc.a(lib_a-memcmp.o)
 .debug_frame   0x00000000000007bc       0x20 c:/develop/quartus/17.1/nios2eds/bin/gnu/h-x86_64-mingw32/bin/../lib/gcc/nios2-elf/5.3.0/../../../../../H-x86_64-mingw32/nios2-elf/lib/mno-hw-mul\libsmallc.a(lib_a-memcpy.o)

.debug_str      0x0000000000000000     0x1bd6
 *(.debug_str)
 .debug_str     0x0000000000000000      0x5a6 obj/default/memtest_small.o
                                        0x67c (size before relaxing)
 .debug_str     0x00000000000005a6      0x1a2 c:/develop/quartus/17.1/nios2eds/bin/gnu/h-x86_64-mingw32/bin/../lib/gcc/nios2-elf/5.3.0/../../../../../H-x86_64-mingw32/nios2-elf/lib/mno-hw-mul\libsmallc.a(lib_a-impure.o)
                                        0x4be (size before relaxing)
 .debug_str     0x0000000000000748      0x126 c:/develop/quartus/17.1/nios2eds/bin/gnu/h-x86_64-mingw32/bin/../lib/gcc/nios2-elf/5.3.0/../../../../../H-x86_64-mingw32/nios2-elf/lib/mno-hw-mul\libsmallc.a(lib_a-printf.o)
                                        0x504 (size before relaxing)
 .debug_str     0x000000000000086e       0x5e c:/develop/quartus/17.1/nios2eds/bin/gnu/h-x86_64-mingw32/bin/../lib/gcc/nios2-elf/5.3.0/../../../../../H-x86_64-mingw32/nios2-elf/lib/mno-hw-mul\libsmallc.a(lib_a-putc.o)
                                        0x4cb (size before relaxing)
 .debug_str     0x00000000000008cc       0x48 c:/develop/quartus/17.1/nios2eds/bin/gnu/h-x86_64-mingw32/bin/../lib/gcc/nios2-elf/5.3.0/../../../../../H-x86_64-mingw32/nios2-elf/lib/mno-hw-mul\libsmallc.a(lib_a-putchar.o)
                                        0x4c1 (size before relaxing)
 .debug_str     0x0000000000000914       0x49 c:/develop/quartus/17.1/nios2eds/bin/gnu/h-x86_64-mingw32/bin/../lib/gcc/nios2-elf/5.3.0/../../../../../H-x86_64-mingw32/nios2-elf/lib/mno-hw-mul\libsmallc.a(lib_a-puts.o)
                                        0x4cd (size before relaxing)
 .debug_str     0x000000000000095d       0xd8 c:/develop/quartus/17.1/nios2eds/bin/gnu/h-x86_64-mingw32/bin/../lib/gcc/nios2-elf/5.3.0/../../../../../H-x86_64-mingw32/nios2-elf/lib/mno-hw-mul\libsmallc.a(lib_a-strlen.o)
                                        0x1e5 (size before relaxing)
 .debug_str     0x0000000000000a35      0x109 c:/develop/quartus/17.1/nios2eds/bin/gnu/h-x86_64-mingw32/bin/../lib/gcc/nios2-elf/5.3.0/../../../../../H-x86_64-mingw32/nios2-elf/lib/mno-hw-mul\libsmallc.a(lib_a-strtol.o)
                                        0x4e4 (size before relaxing)
 .debug_str     0x0000000000000b3e      0x1f8 c:/develop/quartus/17.1/nios2eds/bin/gnu/h-x86_64-mingw32/bin/../lib/gcc/nios2-elf/5.3.0/../../../../../H-x86_64-mingw32/nios2-elf/lib/mno-hw-mul\libsmallc.a(lib_a-vfprintf.o)
                                        0x67f (size before relaxing)
 .debug_str     0x0000000000000d36       0xe1 c:/develop/quartus/17.1/nios2eds/bin/gnu/h-x86_64-mingw32/bin/../lib/gcc/nios2-elf/5.3.0/../../../../../H-x86_64-mingw32/nios2-elf/lib/mno-hw-mul\libsmallc.a(lib_a-ctype_.o)
                                        0x15e (size before relaxing)
 .debug_str     0x0000000000000e17       0x63 c:/develop/quartus/17.1/nios2eds/bin/gnu/h-x86_64-mingw32/bin/../lib/gcc/nios2-elf/5.3.0/../../../../../H-x86_64-mingw32/nios2-elf/lib/mno-hw-mul\libsmallc.a(lib_a-fvwrite_small_dev.o)
                                        0x4d4 (size before relaxing)
 .debug_str     0x0000000000000e7a       0x45 c:/develop/quartus/17.1/nios2eds/bin/gnu/h-x86_64-mingw32/bin/../lib/gcc/nios2-elf/5.3.0/../../../../../H-x86_64-mingw32/nios2-elf/lib/mno-hw-mul\libsmallc.a(lib_a-writer.o)
                                        0x4b8 (size before relaxing)
 .debug_str     0x0000000000000ebf       0x3f c:/develop/quartus/17.1/nios2eds/bin/gnu/h-x86_64-mingw32/bin/../lib/gcc/nios2-elf/5.3.0/../../../../../H-x86_64-mingw32/nios2-elf/lib/mno-hw-mul\libsmallc.a(lib_a-int_errno.o)
                                        0x1d8 (size before relaxing)
 .debug_str     0x0000000000000efe      0x187 c:/develop/quartus/17.1/nios2eds/bin/gnu/h-x86_64-mingw32/bin/../lib/gcc/nios2-elf/5.3.0/mno-hw-mul\libgcc.a(lib2-divmod.o)
                                        0x1d2 (size before relaxing)
 .debug_str     0x0000000000001085       0x40 c:/develop/quartus/17.1/nios2eds/bin/gnu/h-x86_64-mingw32/bin/../lib/gcc/nios2-elf/5.3.0/mno-hw-mul\libgcc.a(lib2-mul.o)
                                        0x193 (size before relaxing)
 .debug_str     0x00000000000010c5      0x128 ../biotite_memtest_bsp/\libhal_bsp.a(alt_getchar.o)
                                        0x248 (size before relaxing)
 .debug_str     0x00000000000011ed       0x5e ../biotite_memtest_bsp/\libhal_bsp.a(alt_main.o)
                                        0x1c7 (size before relaxing)
 .debug_str     0x000000000000124b       0x4a ../biotite_memtest_bsp/\libhal_bsp.a(alt_write.o)
                                        0x1f0 (size before relaxing)
 .debug_str     0x0000000000001295      0x32e ../biotite_memtest_bsp/\libhal_bsp.a(alt_sys_init.o)
                                        0x530 (size before relaxing)
 .debug_str     0x00000000000015c3       0x38 ../biotite_memtest_bsp/\libhal_bsp.a(altera_avalon_jtag_uart_read.o)
                                        0x231 (size before relaxing)
 .debug_str     0x00000000000015fb       0x2c ../biotite_memtest_bsp/\libhal_bsp.a(altera_avalon_jtag_uart_write.o)
                                        0x227 (size before relaxing)
 .debug_str     0x0000000000001627      0x2f3 ../biotite_memtest_bsp/\libhal_bsp.a(altera_onchip_flash.o)
                                        0x740 (size before relaxing)
 .debug_str     0x000000000000191a       0x33 ../biotite_memtest_bsp/\libhal_bsp.a(alt_busy_sleep.o)
                                        0x17d (size before relaxing)
 .debug_str     0x000000000000194d       0x1b ../biotite_memtest_bsp/\libhal_bsp.a(alt_dcache_flush.o)
                                        0x16d (size before relaxing)
 .debug_str     0x0000000000001968      0x119 ../biotite_memtest_bsp/\libhal_bsp.a(alt_dev.o)
                                        0x317 (size before relaxing)
 .debug_str     0x0000000000001a81       0x30 ../biotite_memtest_bsp/\libhal_bsp.a(alt_dev_llist_insert.o)
                                        0x1de (size before relaxing)
 .debug_str     0x0000000000001ab1       0x14 ../biotite_memtest_bsp/\libhal_bsp.a(alt_errno.o)
                                        0x157 (size before relaxing)
 .debug_str     0x0000000000001ac5       0x4c ../biotite_memtest_bsp/\libhal_bsp.a(alt_flash_dev.o)
                                        0x32a (size before relaxing)
 .debug_str     0x0000000000001b11       0x20 ../biotite_memtest_bsp/\libhal_bsp.a(altera_nios2_gen2_irq.o)
                                        0x16e (size before relaxing)
 .debug_str     0x0000000000001b31       0x17 ../biotite_memtest_bsp/\libhal_bsp.a(alt_find_dev.o)
                                        0x20c (size before relaxing)
 .debug_str     0x0000000000001b48       0x3d c:/develop/quartus/17.1/nios2eds/bin/gnu/h-x86_64-mingw32/bin/../lib/gcc/nios2-elf/5.3.0/../../../../../H-x86_64-mingw32/nios2-elf/lib/mno-hw-mul\libsmallc.a(lib_a-memcmp.o)
                                        0x1df (size before relaxing)
 .debug_str     0x0000000000001b85       0x51 c:/develop/quartus/17.1/nios2eds/bin/gnu/h-x86_64-mingw32/bin/../lib/gcc/nios2-elf/5.3.0/../../../../../H-x86_64-mingw32/nios2-elf/lib/mno-hw-mul\libsmallc.a(lib_a-memcpy.o)
                                        0x1f3 (size before relaxing)

.debug_loc      0x0000000000000000     0x2e10
 *(.debug_loc)
 .debug_loc     0x0000000000000000      0x581 obj/default/memtest_small.o
 .debug_loc     0x0000000000000581       0xc6 c:/develop/quartus/17.1/nios2eds/bin/gnu/h-x86_64-mingw32/bin/../lib/gcc/nios2-elf/5.3.0/../../../../../H-x86_64-mingw32/nios2-elf/lib/mno-hw-mul\libsmallc.a(lib_a-printf.o)
 .debug_loc     0x0000000000000647       0xc6 c:/develop/quartus/17.1/nios2eds/bin/gnu/h-x86_64-mingw32/bin/../lib/gcc/nios2-elf/5.3.0/../../../../../H-x86_64-mingw32/nios2-elf/lib/mno-hw-mul\libsmallc.a(lib_a-putc.o)
 .debug_loc     0x000000000000070d       0x81 c:/develop/quartus/17.1/nios2eds/bin/gnu/h-x86_64-mingw32/bin/../lib/gcc/nios2-elf/5.3.0/../../../../../H-x86_64-mingw32/nios2-elf/lib/mno-hw-mul\libsmallc.a(lib_a-putchar.o)
 .debug_loc     0x000000000000078e       0x97 c:/develop/quartus/17.1/nios2eds/bin/gnu/h-x86_64-mingw32/bin/../lib/gcc/nios2-elf/5.3.0/../../../../../H-x86_64-mingw32/nios2-elf/lib/mno-hw-mul\libsmallc.a(lib_a-puts.o)
 .debug_loc     0x0000000000000825       0x1e c:/develop/quartus/17.1/nios2eds/bin/gnu/h-x86_64-mingw32/bin/../lib/gcc/nios2-elf/5.3.0/../../../../../H-x86_64-mingw32/nios2-elf/lib/mno-hw-mul\libsmallc.a(lib_a-strlen.o)
 .debug_loc     0x0000000000000843      0x398 c:/develop/quartus/17.1/nios2eds/bin/gnu/h-x86_64-mingw32/bin/../lib/gcc/nios2-elf/5.3.0/../../../../../H-x86_64-mingw32/nios2-elf/lib/mno-hw-mul\libsmallc.a(lib_a-strtol.o)
 .debug_loc     0x0000000000000bdb      0x954 c:/develop/quartus/17.1/nios2eds/bin/gnu/h-x86_64-mingw32/bin/../lib/gcc/nios2-elf/5.3.0/../../../../../H-x86_64-mingw32/nios2-elf/lib/mno-hw-mul\libsmallc.a(lib_a-vfprintf.o)
 .debug_loc     0x000000000000152f      0x110 c:/develop/quartus/17.1/nios2eds/bin/gnu/h-x86_64-mingw32/bin/../lib/gcc/nios2-elf/5.3.0/../../../../../H-x86_64-mingw32/nios2-elf/lib/mno-hw-mul\libsmallc.a(lib_a-fvwrite_small_dev.o)
 .debug_loc     0x000000000000163f       0xa5 c:/develop/quartus/17.1/nios2eds/bin/gnu/h-x86_64-mingw32/bin/../lib/gcc/nios2-elf/5.3.0/../../../../../H-x86_64-mingw32/nios2-elf/lib/mno-hw-mul\libsmallc.a(lib_a-writer.o)
 .debug_loc     0x00000000000016e4      0x4ce c:/develop/quartus/17.1/nios2eds/bin/gnu/h-x86_64-mingw32/bin/../lib/gcc/nios2-elf/5.3.0/mno-hw-mul\libgcc.a(lib2-divmod.o)
 .debug_loc     0x0000000000001bb2       0x93 c:/develop/quartus/17.1/nios2eds/bin/gnu/h-x86_64-mingw32/bin/../lib/gcc/nios2-elf/5.3.0/mno-hw-mul\libgcc.a(lib2-mul.o)
 .debug_loc     0x0000000000001c45       0xcf ../biotite_memtest_bsp/\libhal_bsp.a(alt_write.o)
 .debug_loc     0x0000000000001d14       0x21 ../biotite_memtest_bsp/\libhal_bsp.a(alt_sys_init.o)
 .debug_loc     0x0000000000001d35       0xcd ../biotite_memtest_bsp/\libhal_bsp.a(altera_avalon_jtag_uart_read.o)
 .debug_loc     0x0000000000001e02       0x8b ../biotite_memtest_bsp/\libhal_bsp.a(altera_avalon_jtag_uart_write.o)
 .debug_loc     0x0000000000001e8d      0xbbd ../biotite_memtest_bsp/\libhal_bsp.a(altera_onchip_flash.o)
 .debug_loc     0x0000000000002a4a       0x67 ../biotite_memtest_bsp/\libhal_bsp.a(alt_busy_sleep.o)
 .debug_loc     0x0000000000002ab1       0x7e ../biotite_memtest_bsp/\libhal_bsp.a(alt_dev_llist_insert.o)
 .debug_loc     0x0000000000002b2f       0x9a ../biotite_memtest_bsp/\libhal_bsp.a(alt_flash_dev.o)
 .debug_loc     0x0000000000002bc9       0x7e ../biotite_memtest_bsp/\libhal_bsp.a(alt_find_dev.o)
 .debug_loc     0x0000000000002c47       0x94 c:/develop/quartus/17.1/nios2eds/bin/gnu/h-x86_64-mingw32/bin/../lib/gcc/nios2-elf/5.3.0/../../../../../H-x86_64-mingw32/nios2-elf/lib/mno-hw-mul\libsmallc.a(lib_a-memcmp.o)
 .debug_loc     0x0000000000002cdb      0x135 c:/develop/quartus/17.1/nios2eds/bin/gnu/h-x86_64-mingw32/bin/../lib/gcc/nios2-elf/5.3.0/../../../../../H-x86_64-mingw32/nios2-elf/lib/mno-hw-mul\libsmallc.a(lib_a-memcpy.o)

.debug_macinfo
 *(.debug_macinfo)

.debug_weaknames
 *(.debug_weaknames)

.debug_funcnames
 *(.debug_funcnames)

.debug_typenames
 *(.debug_typenames)

.debug_varnames
 *(.debug_varnames)

.debug_alt_sim_info
                0x0000000000000000       0x40
 *(.debug_alt_sim_info)
 .debug_alt_sim_info
                0x0000000000000000       0x10 ../biotite_memtest_bsp//obj/HAL/src/crt0.o
 .debug_alt_sim_info
                0x0000000000000010       0x30 ../biotite_memtest_bsp/\libhal_bsp.a(alt_busy_sleep.o)
                0x000000000f804000                __alt_data_end = 0xf804000
                0x000000000f804000                PROVIDE (__alt_stack_pointer, __alt_data_end)
                [!provide]                        PROVIDE (__alt_stack_limit, __alt_stack_base)
                [!provide]                        PROVIDE (__alt_heap_start, end)
                [!provide]                        PROVIDE (__alt_heap_limit, 0xf804000)
OUTPUT(biotite_memtest.elf elf32-littlenios2)

.debug_ranges   0x0000000000000000      0x320
 .debug_ranges  0x0000000000000000       0xa0 obj/default/memtest_small.o
 .debug_ranges  0x00000000000000a0       0x18 c:/develop/quartus/17.1/nios2eds/bin/gnu/h-x86_64-mingw32/bin/../lib/gcc/nios2-elf/5.3.0/../../../../../H-x86_64-mingw32/nios2-elf/lib/mno-hw-mul\libsmallc.a(lib_a-printf.o)
 .debug_ranges  0x00000000000000b8       0x18 c:/develop/quartus/17.1/nios2eds/bin/gnu/h-x86_64-mingw32/bin/../lib/gcc/nios2-elf/5.3.0/../../../../../H-x86_64-mingw32/nios2-elf/lib/mno-hw-mul\libsmallc.a(lib_a-putc.o)
 .debug_ranges  0x00000000000000d0       0x18 c:/develop/quartus/17.1/nios2eds/bin/gnu/h-x86_64-mingw32/bin/../lib/gcc/nios2-elf/5.3.0/../../../../../H-x86_64-mingw32/nios2-elf/lib/mno-hw-mul\libsmallc.a(lib_a-putchar.o)
 .debug_ranges  0x00000000000000e8       0x18 c:/develop/quartus/17.1/nios2eds/bin/gnu/h-x86_64-mingw32/bin/../lib/gcc/nios2-elf/5.3.0/../../../../../H-x86_64-mingw32/nios2-elf/lib/mno-hw-mul\libsmallc.a(lib_a-puts.o)
 .debug_ranges  0x0000000000000100       0x10 c:/develop/quartus/17.1/nios2eds/bin/gnu/h-x86_64-mingw32/bin/../lib/gcc/nios2-elf/5.3.0/../../../../../H-x86_64-mingw32/nios2-elf/lib/mno-hw-mul\libsmallc.a(lib_a-strlen.o)
 .debug_ranges  0x0000000000000110       0x18 c:/develop/quartus/17.1/nios2eds/bin/gnu/h-x86_64-mingw32/bin/../lib/gcc/nios2-elf/5.3.0/../../../../../H-x86_64-mingw32/nios2-elf/lib/mno-hw-mul\libsmallc.a(lib_a-strtol.o)
 .debug_ranges  0x0000000000000128       0xc8 c:/develop/quartus/17.1/nios2eds/bin/gnu/h-x86_64-mingw32/bin/../lib/gcc/nios2-elf/5.3.0/../../../../../H-x86_64-mingw32/nios2-elf/lib/mno-hw-mul\libsmallc.a(lib_a-vfprintf.o)
 .debug_ranges  0x00000000000001f0       0x28 c:/develop/quartus/17.1/nios2eds/bin/gnu/h-x86_64-mingw32/bin/../lib/gcc/nios2-elf/5.3.0/../../../../../H-x86_64-mingw32/nios2-elf/lib/mno-hw-mul\libsmallc.a(lib_a-fvwrite_small_dev.o)
 .debug_ranges  0x0000000000000218       0x10 c:/develop/quartus/17.1/nios2eds/bin/gnu/h-x86_64-mingw32/bin/../lib/gcc/nios2-elf/5.3.0/../../../../../H-x86_64-mingw32/nios2-elf/lib/mno-hw-mul\libsmallc.a(lib_a-writer.o)
 .debug_ranges  0x0000000000000228       0x60 c:/develop/quartus/17.1/nios2eds/bin/gnu/h-x86_64-mingw32/bin/../lib/gcc/nios2-elf/5.3.0/mno-hw-mul\libgcc.a(lib2-divmod.o)
 .debug_ranges  0x0000000000000288       0x20 ../biotite_memtest_bsp/\libhal_bsp.a(alt_write.o)
 .debug_ranges  0x00000000000002a8       0x20 ../biotite_memtest_bsp/\libhal_bsp.a(altera_avalon_jtag_uart_read.o)
 .debug_ranges  0x00000000000002c8       0x18 ../biotite_memtest_bsp/\libhal_bsp.a(altera_onchip_flash.o)
 .debug_ranges  0x00000000000002e0       0x20 ../biotite_memtest_bsp/\libhal_bsp.a(alt_dev_llist_insert.o)
 .debug_ranges  0x0000000000000300       0x10 c:/develop/quartus/17.1/nios2eds/bin/gnu/h-x86_64-mingw32/bin/../lib/gcc/nios2-elf/5.3.0/../../../../../H-x86_64-mingw32/nios2-elf/lib/mno-hw-mul\libsmallc.a(lib_a-memcmp.o)
 .debug_ranges  0x0000000000000310       0x10 c:/develop/quartus/17.1/nios2eds/bin/gnu/h-x86_64-mingw32/bin/../lib/gcc/nios2-elf/5.3.0/../../../../../H-x86_64-mingw32/nios2-elf/lib/mno-hw-mul\libsmallc.a(lib_a-memcpy.o)
