Archive member included to satisfy reference by file (symbol)

c:/develop/quartus/17.1/nios2eds/bin/gnu/h-x86_64-mingw32/bin/../lib/gcc/nios2-elf/5.3.0/mno-hw-mul\libgcc.a(lib2-divmod.o)
                              obj/default/hello_world_small.o (__divsi3)
c:/develop/quartus/17.1/nios2eds/bin/gnu/h-x86_64-mingw32/bin/../lib/gcc/nios2-elf/5.3.0/../../../../../H-x86_64-mingw32/nios2-elf/lib/mno-hw-mul\libsmallc.a(lib_a-memcpy.o)
                              obj/default/hello_world_small.o (memcpy)
../biotite_helloworld_bsp/\libhal_bsp.a(alt_main.o)
                              ../biotite_helloworld_bsp//obj/HAL/src/crt0.o (alt_main)
../biotite_helloworld_bsp/\libhal_bsp.a(alt_putstr.o)
                              obj/default/hello_world_small.o (alt_putstr)
../biotite_helloworld_bsp/\libhal_bsp.a(alt_usleep.o)
                              obj/default/hello_world_small.o (usleep)
../biotite_helloworld_bsp/\libhal_bsp.a(alt_sys_init.o)
                              ../biotite_helloworld_bsp/\libhal_bsp.a(alt_main.o) (alt_irq_init)
../biotite_helloworld_bsp/\libhal_bsp.a(altera_avalon_jtag_uart_write.o)
                              ../biotite_helloworld_bsp/\libhal_bsp.a(alt_putstr.o) (altera_avalon_jtag_uart_write)
../biotite_helloworld_bsp/\libhal_bsp.a(altera_onchip_flash.o)
                              ../biotite_helloworld_bsp/\libhal_bsp.a(alt_sys_init.o) (alt_onchip_flash_read)
../biotite_helloworld_bsp/\libhal_bsp.a(alt_busy_sleep.o)
                              ../biotite_helloworld_bsp/\libhal_bsp.a(alt_usleep.o) (alt_busy_sleep)
../biotite_helloworld_bsp/\libhal_bsp.a(alt_dcache_flush.o)
                              ../biotite_helloworld_bsp/\libhal_bsp.a(altera_onchip_flash.o) (alt_dcache_flush)
../biotite_helloworld_bsp/\libhal_bsp.a(alt_dev_llist_insert.o)
                              ../biotite_helloworld_bsp/\libhal_bsp.a(altera_onchip_flash.o) (alt_dev_llist_insert)
../biotite_helloworld_bsp/\libhal_bsp.a(alt_errno.o)
                              ../biotite_helloworld_bsp/\libhal_bsp.a(alt_dev_llist_insert.o) (alt_errno)
../biotite_helloworld_bsp/\libhal_bsp.a(alt_flash_dev.o)
                              ../biotite_helloworld_bsp/\libhal_bsp.a(altera_onchip_flash.o) (alt_flash_dev_list)
../biotite_helloworld_bsp/\libhal_bsp.a(altera_nios2_gen2_irq.o)
                              ../biotite_helloworld_bsp/\libhal_bsp.a(alt_sys_init.o) (altera_nios2_gen2_irq_init)
../biotite_helloworld_bsp/\libhal_bsp.a(alt_find_dev.o)
                              ../biotite_helloworld_bsp/\libhal_bsp.a(alt_flash_dev.o) (alt_find_dev)
c:/develop/quartus/17.1/nios2eds/bin/gnu/h-x86_64-mingw32/bin/../lib/gcc/nios2-elf/5.3.0/../../../../../H-x86_64-mingw32/nios2-elf/lib/mno-hw-mul\libsmallc.a(lib_a-int_errno.o)
                              ../biotite_helloworld_bsp/\libhal_bsp.a(alt_dev_llist_insert.o) (errno)
c:/develop/quartus/17.1/nios2eds/bin/gnu/h-x86_64-mingw32/bin/../lib/gcc/nios2-elf/5.3.0/../../../../../H-x86_64-mingw32/nios2-elf/lib/mno-hw-mul\libsmallc.a(lib_a-memcmp.o)
                              ../biotite_helloworld_bsp/\libhal_bsp.a(altera_onchip_flash.o) (memcmp)
c:/develop/quartus/17.1/nios2eds/bin/gnu/h-x86_64-mingw32/bin/../lib/gcc/nios2-elf/5.3.0/../../../../../H-x86_64-mingw32/nios2-elf/lib/mno-hw-mul\libsmallc.a(lib_a-strlen.o)
                              ../biotite_helloworld_bsp/\libhal_bsp.a(alt_putstr.o) (strlen)
c:/develop/quartus/17.1/nios2eds/bin/gnu/h-x86_64-mingw32/bin/../lib/gcc/nios2-elf/5.3.0/mno-hw-mul\libgcc.a(lib2-mul.o)
                              ../biotite_helloworld_bsp/\libhal_bsp.a(alt_busy_sleep.o) (__mulsi3)

Allocating common symbols
Common symbol       size              file

errno               0x4               c:/develop/quartus/17.1/nios2eds/bin/gnu/h-x86_64-mingw32/bin/../lib/gcc/nios2-elf/5.3.0/../../../../../H-x86_64-mingw32/nios2-elf/lib/mno-hw-mul\libsmallc.a(lib_a-int_errno.o)

Memory Configuration

Name             Origin             Length             Attributes
peridot_qspi_psram_0 0x0000000000000000 0x0000000000800000
reset            0x000000000f000000 0x0000000000000020
boot_flash_data  0x000000000f000020 0x00000000000167e0
onchip_memory2_0_BEFORE_EXCEPTION 0x000000000f800000 0x0000000000000020
onchip_memory2_0 0x000000000f800020 0x0000000000003fe0
*default*        0x0000000000000000 0xffffffffffffffff

Linker script and memory map

LOAD ../biotite_helloworld_bsp//obj/HAL/src/crt0.o
LOAD obj/default/hello_world_small.o
LOAD c:/develop/quartus/17.1/nios2eds/bin/gnu/h-x86_64-mingw32/bin/../lib/gcc/nios2-elf/5.3.0/../../../../../H-x86_64-mingw32/nios2-elf/lib/mno-hw-mul\libstdc++.a
LOAD c:/develop/quartus/17.1/nios2eds/bin/gnu/h-x86_64-mingw32/bin/../lib/gcc/nios2-elf/5.3.0/../../../../../H-x86_64-mingw32/nios2-elf/lib/mno-hw-mul\libm.a
LOAD c:/develop/quartus/17.1/nios2eds/bin/gnu/h-x86_64-mingw32/bin/../lib/gcc/nios2-elf/5.3.0/mno-hw-mul\libgcc.a
START GROUP
LOAD c:/develop/quartus/17.1/nios2eds/bin/gnu/h-x86_64-mingw32/bin/../lib/gcc/nios2-elf/5.3.0/../../../../../H-x86_64-mingw32/nios2-elf/lib/mno-hw-mul\libsmallc.a
LOAD c:/develop/quartus/17.1/nios2eds/bin/gnu/h-x86_64-mingw32/bin/../lib/gcc/nios2-elf/5.3.0/mno-hw-mul\libgcc.a
LOAD ../biotite_helloworld_bsp/\libhal_bsp.a
LOAD c:/develop/quartus/17.1/nios2eds/bin/gnu/h-x86_64-mingw32/bin/../lib/gcc/nios2-elf/5.3.0/../../../../../H-x86_64-mingw32/nios2-elf/lib/mno-hw-mul\libm.a
END GROUP
LOAD c:/develop/quartus/17.1/nios2eds/bin/gnu/h-x86_64-mingw32/bin/../lib/gcc/nios2-elf/5.3.0/mno-hw-mul\libgcc.a
                0x0000000000000000                __alt_mem_peridot_qspi_psram_0 = 0x0
                0x000000000f000000                __alt_mem_boot_flash_data = 0xf000000
                0x000000000f800000                __alt_mem_onchip_memory2_0 = 0xf800000

.entry          0x000000000f000000        0x0
 *(.entry)
 .entry         0x000000000f000000        0x0 ../biotite_helloworld_bsp//obj/HAL/src/crt0.o
                0x000000000f000000                _exit
                0x000000000f000000                __reset

.exceptions     0x000000000f800020        0x0
                [!provide]                        PROVIDE (__ram_exceptions_start, ABSOLUTE (.))
                0x000000000f800020                . = ALIGN (0x20)
 *(.irq)
 *(.exceptions.entry.label)
 *(.exceptions.entry.user)
 *(.exceptions.entry.ecc_fatal)
 *(.exceptions.entry)
 *(.exceptions.irqtest.user)
 *(.exceptions.irqtest)
 *(.exceptions.irqhandler.user)
 *(.exceptions.irqhandler)
 *(.exceptions.irqreturn.user)
 *(.exceptions.irqreturn)
 *(.exceptions.notirq.label)
 *(.exceptions.notirq.user)
 *(.exceptions.notirq)
 *(.exceptions.soft.user)
 *(.exceptions.soft)
 *(.exceptions.unknown.user)
 *(.exceptions.unknown)
 *(.exceptions.exit.label)
 *(.exceptions.exit.user)
 *(.exceptions.exit)
 *(.exceptions)
                [!provide]                        PROVIDE (__ram_exceptions_end, ABSOLUTE (.))
                [!provide]                        PROVIDE (__flash_exceptions_start, LOADADDR (.exceptions))

.text           0x000000000f800020      0xe08
                [!provide]                        PROVIDE (stext, ABSOLUTE (.))
 *(.interp)
 *(.hash)
 *(.dynsym)
 *(.dynstr)
 *(.gnu.version)
 *(.gnu.version_d)
 *(.gnu.version_r)
 *(.rel.init)
 *(.rela.init)
 *(.rel.text .rel.text.* .rel.gnu.linkonce.t.*)
 *(.rela.text .rela.text.* .rela.gnu.linkonce.t.*)
 *(.rel.fini)
 *(.rela.fini)
 *(.rel.rodata .rel.rodata.* .rel.gnu.linkonce.r.*)
 *(.rela.rodata .rela.rodata.* .rela.gnu.linkonce.r.*)
 *(.rel.data .rel.data.* .rel.gnu.linkonce.d.*)
 *(.rela.data .rela.data.* .rela.gnu.linkonce.d.*)
 *(.rel.tdata .rel.tdata.* .rel.gnu.linkonce.td.*)
 *(.rela.tdata .rela.tdata.* .rela.gnu.linkonce.td.*)
 *(.rel.tbss .rel.tbss.* .rel.gnu.linkonce.tb.*)
 *(.rela.tbss .rela.tbss.* .rela.gnu.linkonce.tb.*)
 *(.rel.ctors)
 *(.rela.ctors)
 *(.rel.dtors)
 *(.rela.dtors)
 *(.rel.got)
 *(.rela.got)
 *(.rel.sdata .rel.sdata.* .rel.gnu.linkonce.s.*)
 *(.rela.sdata .rela.sdata.* .rela.gnu.linkonce.s.*)
 *(.rel.sbss .rel.sbss.* .rel.gnu.linkonce.sb.*)
 *(.rela.sbss .rela.sbss.* .rela.gnu.linkonce.sb.*)
 *(.rel.sdata2 .rel.sdata2.* .rel.gnu.linkonce.s2.*)
 *(.rela.sdata2 .rela.sdata2.* .rela.gnu.linkonce.s2.*)
 *(.rel.sbss2 .rel.sbss2.* .rel.gnu.linkonce.sb2.*)
 *(.rela.sbss2 .rela.sbss2.* .rela.gnu.linkonce.sb2.*)
 *(.rel.bss .rel.bss.* .rel.gnu.linkonce.b.*)
 *(.rela.bss .rela.bss.* .rela.gnu.linkonce.b.*)
 *(.rel.plt)
 *(.rela.plt)
 *(.rel.dyn)
 *(.init)
 *(.plt)
 *(.text .stub .text.* .gnu.linkonce.t.*)
 .text          0x000000000f800020       0x38 ../biotite_helloworld_bsp//obj/HAL/src/crt0.o
                0x000000000f800020                _start
 .text          0x000000000f800058       0x90 obj/default/hello_world_small.o
                0x000000000f800058                set_led7seg
 .text.startup  0x000000000f8000e8       0x38 obj/default/hello_world_small.o
                0x000000000f8000e8                main
 .text          0x000000000f800120      0x1b4 c:/develop/quartus/17.1/nios2eds/bin/gnu/h-x86_64-mingw32/bin/../lib/gcc/nios2-elf/5.3.0/mno-hw-mul\libgcc.a(lib2-divmod.o)
                0x000000000f800120                __divsi3
                0x000000000f8001a4                __modsi3
                0x000000000f800218                __udivsi3
                0x000000000f80027c                __umodsi3
 .text          0x000000000f8002d4        0x0 c:/develop/quartus/17.1/nios2eds/bin/gnu/h-x86_64-mingw32/bin/../lib/gcc/nios2-elf/5.3.0/../../../../../H-x86_64-mingw32/nios2-elf/lib/mno-hw-mul\libsmallc.a(lib_a-memcpy.o)
 .text.memcpy   0x000000000f8002d4       0x28 c:/develop/quartus/17.1/nios2eds/bin/gnu/h-x86_64-mingw32/bin/../lib/gcc/nios2-elf/5.3.0/../../../../../H-x86_64-mingw32/nios2-elf/lib/mno-hw-mul\libsmallc.a(lib_a-memcpy.o)
                0x000000000f8002d4                memcpy
 .text          0x000000000f8002fc       0x2c ../biotite_helloworld_bsp/\libhal_bsp.a(alt_main.o)
                0x000000000f8002fc                alt_main
 .text          0x000000000f800328       0x38 ../biotite_helloworld_bsp/\libhal_bsp.a(alt_putstr.o)
                0x000000000f800328                alt_putstr
 .text          0x000000000f800360        0x4 ../biotite_helloworld_bsp/\libhal_bsp.a(alt_usleep.o)
                0x000000000f800360                usleep
 .text          0x000000000f800364       0x2c ../biotite_helloworld_bsp/\libhal_bsp.a(alt_sys_init.o)
                0x000000000f800364                alt_irq_init
                0x000000000f800384                alt_sys_init
 .text          0x000000000f800390       0x34 ../biotite_helloworld_bsp/\libhal_bsp.a(altera_avalon_jtag_uart_write.o)
                0x000000000f800390                altera_avalon_jtag_uart_write
 .text          0x000000000f8003c4      0x818 ../biotite_helloworld_bsp/\libhal_bsp.a(altera_onchip_flash.o)
                0x000000000f8003c4                alt_onchip_flash_read
                0x000000000f800434                alt_onchip_flash_get_info
                0x000000000f800478                alt_onchip_flash_write
                0x000000000f8005fc                altera_onchip_flash_init
                0x000000000f800830                alt_onchip_flash_poll_for_status_to_go_idle
                0x000000000f800884                alt_onchip_flash_poll_for_status_erase_passed
                0x000000000f8008e0                alt_onchip_flash_erase_block
                0x000000000f8009cc                alt_onchip_flash_poll_for_status_write_passed
                0x000000000f800a28                alt_onchip_flash_write_block
 .text          0x000000000f800bdc       0x88 ../biotite_helloworld_bsp/\libhal_bsp.a(alt_busy_sleep.o)
                0x000000000f800bdc                alt_busy_sleep
 .text          0x000000000f800c64        0x4 ../biotite_helloworld_bsp/\libhal_bsp.a(alt_dcache_flush.o)
                0x000000000f800c64                alt_dcache_flush
 .text          0x000000000f800c68       0x6c ../biotite_helloworld_bsp/\libhal_bsp.a(alt_dev_llist_insert.o)
                0x000000000f800c68                alt_dev_llist_insert
 .text          0x000000000f800cd4        0x0 ../biotite_helloworld_bsp/\libhal_bsp.a(alt_errno.o)
 .text          0x000000000f800cd4       0x64 ../biotite_helloworld_bsp/\libhal_bsp.a(alt_flash_dev.o)
                0x000000000f800cd4                alt_flash_open_dev
                0x000000000f800d24                alt_flash_close_dev
 .text          0x000000000f800d38        0x8 ../biotite_helloworld_bsp/\libhal_bsp.a(altera_nios2_gen2_irq.o)
                0x000000000f800d38                altera_nios2_gen2_irq_init
 .text          0x000000000f800d40       0x74 ../biotite_helloworld_bsp/\libhal_bsp.a(alt_find_dev.o)
                0x000000000f800d40                alt_find_dev
 .text          0x000000000f800db4        0x0 c:/develop/quartus/17.1/nios2eds/bin/gnu/h-x86_64-mingw32/bin/../lib/gcc/nios2-elf/5.3.0/../../../../../H-x86_64-mingw32/nios2-elf/lib/mno-hw-mul\libsmallc.a(lib_a-int_errno.o)
 .text          0x000000000f800db4        0x0 c:/develop/quartus/17.1/nios2eds/bin/gnu/h-x86_64-mingw32/bin/../lib/gcc/nios2-elf/5.3.0/../../../../../H-x86_64-mingw32/nios2-elf/lib/mno-hw-mul\libsmallc.a(lib_a-memcmp.o)
 .text.memcmp   0x000000000f800db4       0x30 c:/develop/quartus/17.1/nios2eds/bin/gnu/h-x86_64-mingw32/bin/../lib/gcc/nios2-elf/5.3.0/../../../../../H-x86_64-mingw32/nios2-elf/lib/mno-hw-mul\libsmallc.a(lib_a-memcmp.o)
                0x000000000f800db4                memcmp
 .text          0x000000000f800de4        0x0 c:/develop/quartus/17.1/nios2eds/bin/gnu/h-x86_64-mingw32/bin/../lib/gcc/nios2-elf/5.3.0/../../../../../H-x86_64-mingw32/nios2-elf/lib/mno-hw-mul\libsmallc.a(lib_a-strlen.o)
 .text.strlen   0x000000000f800de4       0x1c c:/develop/quartus/17.1/nios2eds/bin/gnu/h-x86_64-mingw32/bin/../lib/gcc/nios2-elf/5.3.0/../../../../../H-x86_64-mingw32/nios2-elf/lib/mno-hw-mul\libsmallc.a(lib_a-strlen.o)
                0x000000000f800de4                strlen
 .text          0x000000000f800e00       0x28 c:/develop/quartus/17.1/nios2eds/bin/gnu/h-x86_64-mingw32/bin/../lib/gcc/nios2-elf/5.3.0/mno-hw-mul\libgcc.a(lib2-mul.o)
                0x000000000f800e00                __mulsi3
 *(.gnu.warning.*)
 *(.fini)
                [!provide]                        PROVIDE (__etext, ABSOLUTE (.))
                [!provide]                        PROVIDE (_etext, ABSOLUTE (.))
                [!provide]                        PROVIDE (etext, ABSOLUTE (.))
 *(.eh_frame_hdr)
                0x000000000f800e28                . = ALIGN (0x4)
                [!provide]                        PROVIDE (__preinit_array_start, ABSOLUTE (.))
 *(.preinit_array)
                [!provide]                        PROVIDE (__preinit_array_end, ABSOLUTE (.))
                [!provide]                        PROVIDE (__init_array_start, ABSOLUTE (.))
 *(.init_array)
                [!provide]                        PROVIDE (__init_array_end, ABSOLUTE (.))
                [!provide]                        PROVIDE (__fini_array_start, ABSOLUTE (.))
 *(.fini_array)
                [!provide]                        PROVIDE (__fini_array_end, ABSOLUTE (.))
 *(.eh_frame)
 *(.gcc_except_table .gcc_except_table.*)
 *(.dynamic)
                [!provide]                        PROVIDE (__CTOR_LIST__, ABSOLUTE (.))
 *(.ctors)
 *(SORT(.ctors.*))
                [!provide]                        PROVIDE (__CTOR_END__, ABSOLUTE (.))
                [!provide]                        PROVIDE (__DTOR_LIST__, ABSOLUTE (.))
 *(.dtors)
 *(SORT(.dtors.*))
                [!provide]                        PROVIDE (__DTOR_END__, ABSOLUTE (.))
 *(.jcr)
                0x000000000f800e28                . = ALIGN (0x4)

.rodata         0x000000000f800e28       0x44
                [!provide]                        PROVIDE (__ram_rodata_start, ABSOLUTE (.))
                0x000000000f800e28                . = ALIGN (0x4)
 *(.rodata .rodata.* .gnu.linkonce.r.*)
 .rodata        0x000000000f800e28        0xa obj/default/hello_world_small.o
 *fill*         0x000000000f800e32        0x2 
 .rodata.str1.4
                0x000000000f800e34       0x1d obj/default/hello_world_small.o
 *fill*         0x000000000f800e51        0x3 
 .rodata.str1.4
                0x000000000f800e54       0x18 ../biotite_helloworld_bsp/\libhal_bsp.a(alt_sys_init.o)
                                         0x15 (size before relaxing)
 *(.rodata1)
                0x000000000f800e6c                . = ALIGN (0x4)
                [!provide]                        PROVIDE (__ram_rodata_end, ABSOLUTE (.))
                [!provide]                        PROVIDE (__flash_rodata_start, LOADADDR (.rodata))

.rwdata         0x000000000f800e6c      0x118
                [!provide]                        PROVIDE (__ram_rwdata_start, ABSOLUTE (.))
                0x000000000f800e6c                . = ALIGN (0x4)
 *(.got.plt)
 *(.got)
 *(.data1)
 *(.data .data.* .gnu.linkonce.d.*)
 .data          0x000000000f800e6c        0x0 ../biotite_helloworld_bsp//obj/HAL/src/crt0.o
 .data          0x000000000f800e6c        0x0 obj/default/hello_world_small.o
 .data          0x000000000f800e6c        0x0 c:/develop/quartus/17.1/nios2eds/bin/gnu/h-x86_64-mingw32/bin/../lib/gcc/nios2-elf/5.3.0/mno-hw-mul\libgcc.a(lib2-divmod.o)
 .data          0x000000000f800e6c        0x0 c:/develop/quartus/17.1/nios2eds/bin/gnu/h-x86_64-mingw32/bin/../lib/gcc/nios2-elf/5.3.0/../../../../../H-x86_64-mingw32/nios2-elf/lib/mno-hw-mul\libsmallc.a(lib_a-memcpy.o)
 .data          0x000000000f800e6c        0x0 ../biotite_helloworld_bsp/\libhal_bsp.a(alt_main.o)
 .data          0x000000000f800e6c        0x0 ../biotite_helloworld_bsp/\libhal_bsp.a(alt_putstr.o)
 .data          0x000000000f800e6c        0x0 ../biotite_helloworld_bsp/\libhal_bsp.a(alt_usleep.o)
 .data          0x000000000f800e6c      0x100 ../biotite_helloworld_bsp/\libhal_bsp.a(alt_sys_init.o)
 .data          0x000000000f800f6c        0x0 ../biotite_helloworld_bsp/\libhal_bsp.a(altera_avalon_jtag_uart_write.o)
 .data          0x000000000f800f6c        0x0 ../biotite_helloworld_bsp/\libhal_bsp.a(altera_onchip_flash.o)
 .data          0x000000000f800f6c        0x0 ../biotite_helloworld_bsp/\libhal_bsp.a(alt_busy_sleep.o)
 .data          0x000000000f800f6c        0x0 ../biotite_helloworld_bsp/\libhal_bsp.a(alt_dcache_flush.o)
 .data          0x000000000f800f6c        0x0 ../biotite_helloworld_bsp/\libhal_bsp.a(alt_dev_llist_insert.o)
 .data          0x000000000f800f6c        0x0 ../biotite_helloworld_bsp/\libhal_bsp.a(alt_errno.o)
 .data          0x000000000f800f6c        0x0 ../biotite_helloworld_bsp/\libhal_bsp.a(alt_flash_dev.o)
 .data          0x000000000f800f6c        0x0 ../biotite_helloworld_bsp/\libhal_bsp.a(altera_nios2_gen2_irq.o)
 .data          0x000000000f800f6c        0x0 ../biotite_helloworld_bsp/\libhal_bsp.a(alt_find_dev.o)
 .data          0x000000000f800f6c        0x0 c:/develop/quartus/17.1/nios2eds/bin/gnu/h-x86_64-mingw32/bin/../lib/gcc/nios2-elf/5.3.0/../../../../../H-x86_64-mingw32/nios2-elf/lib/mno-hw-mul\libsmallc.a(lib_a-int_errno.o)
 .data          0x000000000f800f6c        0x0 c:/develop/quartus/17.1/nios2eds/bin/gnu/h-x86_64-mingw32/bin/../lib/gcc/nios2-elf/5.3.0/../../../../../H-x86_64-mingw32/nios2-elf/lib/mno-hw-mul\libsmallc.a(lib_a-memcmp.o)
 .data          0x000000000f800f6c        0x0 c:/develop/quartus/17.1/nios2eds/bin/gnu/h-x86_64-mingw32/bin/../lib/gcc/nios2-elf/5.3.0/../../../../../H-x86_64-mingw32/nios2-elf/lib/mno-hw-mul\libsmallc.a(lib_a-strlen.o)
 .data          0x000000000f800f6c        0x0 c:/develop/quartus/17.1/nios2eds/bin/gnu/h-x86_64-mingw32/bin/../lib/gcc/nios2-elf/5.3.0/mno-hw-mul\libgcc.a(lib2-mul.o)
                0x000000000f808f6c                _gp = ABSOLUTE ((. + 0x8000))
                [!provide]                        PROVIDE (gp, _gp)
 *(.rwdata .rwdata.*)
 *(.sdata .sdata.* .gnu.linkonce.s.*)
 .sdata         0x000000000f800f6c        0x4 ../biotite_helloworld_bsp/\libhal_bsp.a(alt_sys_init.o)
                0x000000000f800f6c                jtag_uart
 .sdata         0x000000000f800f70        0x8 ../biotite_helloworld_bsp/\libhal_bsp.a(altera_onchip_flash.o)
                0x000000000f800f70                altera_onchip_flash_list
 .sdata         0x000000000f800f78        0x4 ../biotite_helloworld_bsp/\libhal_bsp.a(alt_errno.o)
                0x000000000f800f78                alt_errno
 .sdata         0x000000000f800f7c        0x8 ../biotite_helloworld_bsp/\libhal_bsp.a(alt_flash_dev.o)
                0x000000000f800f7c                alt_flash_dev_list
 *(.sdata2 .sdata2.* .gnu.linkonce.s2.*)
                0x000000000f800f84                . = ALIGN (0x4)
                0x000000000f800f84                _edata = ABSOLUTE (.)
                [!provide]                        PROVIDE (edata, ABSOLUTE (.))
                [!provide]                        PROVIDE (__ram_rwdata_end, ABSOLUTE (.))
                [!provide]                        PROVIDE (__flash_rwdata_start, LOADADDR (.rwdata))

.bss            0x000000000f800f84       0x10
                0x000000000f800f84                __bss_start = ABSOLUTE (.)
                [!provide]                        PROVIDE (__sbss_start, ABSOLUTE (.))
                [!provide]                        PROVIDE (___sbss_start, ABSOLUTE (.))
 *(.dynsbss)
 *(.sbss .sbss.* .gnu.linkonce.sb.*)
 .sbss          0x000000000f800f84        0xc ../biotite_helloworld_bsp/\libhal_bsp.a(alt_main.o)
                0x000000000f800f84                alt_envp
                0x000000000f800f88                alt_argv
                0x000000000f800f8c                alt_argc
 .sbss          0x000000000f800f90        0x4 c:/develop/quartus/17.1/nios2eds/bin/gnu/h-x86_64-mingw32/bin/../lib/gcc/nios2-elf/5.3.0/../../../../../H-x86_64-mingw32/nios2-elf/lib/mno-hw-mul\libsmallc.a(lib_a-int_errno.o)
                0x000000000f800f90                errno
 *(.sbss2 .sbss2.* .gnu.linkonce.sb2.*)
 *(.scommon)
                [!provide]                        PROVIDE (__sbss_end, ABSOLUTE (.))
                [!provide]                        PROVIDE (___sbss_end, ABSOLUTE (.))
 *(.dynbss)
 *(.bss .bss.* .gnu.linkonce.b.*)
 .bss           0x000000000f800f94        0x0 ../biotite_helloworld_bsp//obj/HAL/src/crt0.o
 .bss           0x000000000f800f94        0x0 obj/default/hello_world_small.o
 .bss           0x000000000f800f94        0x0 c:/develop/quartus/17.1/nios2eds/bin/gnu/h-x86_64-mingw32/bin/../lib/gcc/nios2-elf/5.3.0/mno-hw-mul\libgcc.a(lib2-divmod.o)
 .bss           0x000000000f800f94        0x0 c:/develop/quartus/17.1/nios2eds/bin/gnu/h-x86_64-mingw32/bin/../lib/gcc/nios2-elf/5.3.0/../../../../../H-x86_64-mingw32/nios2-elf/lib/mno-hw-mul\libsmallc.a(lib_a-memcpy.o)
 .bss           0x000000000f800f94        0x0 ../biotite_helloworld_bsp/\libhal_bsp.a(alt_main.o)
 .bss           0x000000000f800f94        0x0 ../biotite_helloworld_bsp/\libhal_bsp.a(alt_putstr.o)
 .bss           0x000000000f800f94        0x0 ../biotite_helloworld_bsp/\libhal_bsp.a(alt_usleep.o)
 .bss           0x000000000f800f94        0x0 ../biotite_helloworld_bsp/\libhal_bsp.a(alt_sys_init.o)
 .bss           0x000000000f800f94        0x0 ../biotite_helloworld_bsp/\libhal_bsp.a(altera_avalon_jtag_uart_write.o)
 .bss           0x000000000f800f94        0x0 ../biotite_helloworld_bsp/\libhal_bsp.a(altera_onchip_flash.o)
 .bss           0x000000000f800f94        0x0 ../biotite_helloworld_bsp/\libhal_bsp.a(alt_busy_sleep.o)
 .bss           0x000000000f800f94        0x0 ../biotite_helloworld_bsp/\libhal_bsp.a(alt_dcache_flush.o)
 .bss           0x000000000f800f94        0x0 ../biotite_helloworld_bsp/\libhal_bsp.a(alt_dev_llist_insert.o)
 .bss           0x000000000f800f94        0x0 ../biotite_helloworld_bsp/\libhal_bsp.a(alt_errno.o)
 .bss           0x000000000f800f94        0x0 ../biotite_helloworld_bsp/\libhal_bsp.a(alt_flash_dev.o)
 .bss           0x000000000f800f94        0x0 ../biotite_helloworld_bsp/\libhal_bsp.a(altera_nios2_gen2_irq.o)
 .bss           0x000000000f800f94        0x0 ../biotite_helloworld_bsp/\libhal_bsp.a(alt_find_dev.o)
 .bss           0x000000000f800f94        0x0 c:/develop/quartus/17.1/nios2eds/bin/gnu/h-x86_64-mingw32/bin/../lib/gcc/nios2-elf/5.3.0/../../../../../H-x86_64-mingw32/nios2-elf/lib/mno-hw-mul\libsmallc.a(lib_a-int_errno.o)
 .bss           0x000000000f800f94        0x0 c:/develop/quartus/17.1/nios2eds/bin/gnu/h-x86_64-mingw32/bin/../lib/gcc/nios2-elf/5.3.0/../../../../../H-x86_64-mingw32/nios2-elf/lib/mno-hw-mul\libsmallc.a(lib_a-memcmp.o)
 .bss           0x000000000f800f94        0x0 c:/develop/quartus/17.1/nios2eds/bin/gnu/h-x86_64-mingw32/bin/../lib/gcc/nios2-elf/5.3.0/../../../../../H-x86_64-mingw32/nios2-elf/lib/mno-hw-mul\libsmallc.a(lib_a-strlen.o)
 .bss           0x000000000f800f94        0x0 c:/develop/quartus/17.1/nios2eds/bin/gnu/h-x86_64-mingw32/bin/../lib/gcc/nios2-elf/5.3.0/mno-hw-mul\libgcc.a(lib2-mul.o)
 *(COMMON)
                0x000000000f800f94                . = ALIGN (0x4)
                0x000000000f800f94                __bss_end = ABSOLUTE (.)

.peridot_qspi_psram_0
                0x0000000000000000        0x0
                [!provide]                        PROVIDE (_alt_partition_peridot_qspi_psram_0_start, ABSOLUTE (.))
 *(.peridot_qspi_psram_0 .peridot_qspi_psram_0. peridot_qspi_psram_0.*)
                0x0000000000000000                . = ALIGN (0x4)
                [!provide]                        PROVIDE (_alt_partition_peridot_qspi_psram_0_end, ABSOLUTE (.))
                [!provide]                        PROVIDE (_alt_partition_peridot_qspi_psram_0_load_addr, LOADADDR (.peridot_qspi_psram_0))

.boot_flash_data
                0x000000000f000020        0x0
                [!provide]                        PROVIDE (_alt_partition_boot_flash_data_start, ABSOLUTE (.))
 *(.boot_flash_data .boot_flash_data. boot_flash_data.*)
                0x000000000f000020                . = ALIGN (0x4)
                [!provide]                        PROVIDE (_alt_partition_boot_flash_data_end, ABSOLUTE (.))
                [!provide]                        PROVIDE (_alt_partition_boot_flash_data_load_addr, LOADADDR (.boot_flash_data))

.onchip_memory2_0
                0x000000000f800f94        0x0
                [!provide]                        PROVIDE (_alt_partition_onchip_memory2_0_start, ABSOLUTE (.))
 *(.onchip_memory2_0 .onchip_memory2_0. onchip_memory2_0.*)
                0x000000000f800f94                . = ALIGN (0x4)
                [!provide]                        PROVIDE (_alt_partition_onchip_memory2_0_end, ABSOLUTE (.))
                0x000000000f800f94                _end = ABSOLUTE (.)
                0x000000000f800f94                end = ABSOLUTE (.)
                0x000000000f800f94                __alt_stack_base = ABSOLUTE (.)
                [!provide]                        PROVIDE (_alt_partition_onchip_memory2_0_load_addr, LOADADDR (.onchip_memory2_0))

.stab
 *(.stab)

.stabstr
 *(.stabstr)

.stab.excl
 *(.stab.excl)

.stab.exclstr
 *(.stab.exclstr)

.stab.index
 *(.stab.index)

.stab.indexstr
 *(.stab.indexstr)

.comment        0x0000000000000000       0x23
 *(.comment)
 .comment       0x0000000000000000       0x23 obj/default/hello_world_small.o
                                         0x24 (size before relaxing)
 .comment       0x0000000000000023       0x24 c:/develop/quartus/17.1/nios2eds/bin/gnu/h-x86_64-mingw32/bin/../lib/gcc/nios2-elf/5.3.0/mno-hw-mul\libgcc.a(lib2-divmod.o)
 .comment       0x0000000000000023       0x24 c:/develop/quartus/17.1/nios2eds/bin/gnu/h-x86_64-mingw32/bin/../lib/gcc/nios2-elf/5.3.0/../../../../../H-x86_64-mingw32/nios2-elf/lib/mno-hw-mul\libsmallc.a(lib_a-memcpy.o)
 .comment       0x0000000000000023       0x24 ../biotite_helloworld_bsp/\libhal_bsp.a(alt_main.o)
 .comment       0x0000000000000023       0x24 ../biotite_helloworld_bsp/\libhal_bsp.a(alt_putstr.o)
 .comment       0x0000000000000023       0x24 ../biotite_helloworld_bsp/\libhal_bsp.a(alt_usleep.o)
 .comment       0x0000000000000023       0x24 ../biotite_helloworld_bsp/\libhal_bsp.a(alt_sys_init.o)
 .comment       0x0000000000000023       0x24 ../biotite_helloworld_bsp/\libhal_bsp.a(altera_avalon_jtag_uart_write.o)
 .comment       0x0000000000000023       0x24 ../biotite_helloworld_bsp/\libhal_bsp.a(altera_onchip_flash.o)
 .comment       0x0000000000000023       0x24 ../biotite_helloworld_bsp/\libhal_bsp.a(alt_busy_sleep.o)
 .comment       0x0000000000000023       0x24 ../biotite_helloworld_bsp/\libhal_bsp.a(alt_dcache_flush.o)
 .comment       0x0000000000000023       0x24 ../biotite_helloworld_bsp/\libhal_bsp.a(alt_dev_llist_insert.o)
 .comment       0x0000000000000023       0x24 ../biotite_helloworld_bsp/\libhal_bsp.a(alt_errno.o)
 .comment       0x0000000000000023       0x24 ../biotite_helloworld_bsp/\libhal_bsp.a(alt_flash_dev.o)
 .comment       0x0000000000000023       0x24 ../biotite_helloworld_bsp/\libhal_bsp.a(altera_nios2_gen2_irq.o)
 .comment       0x0000000000000023       0x24 ../biotite_helloworld_bsp/\libhal_bsp.a(alt_find_dev.o)
 .comment       0x0000000000000023       0x24 c:/develop/quartus/17.1/nios2eds/bin/gnu/h-x86_64-mingw32/bin/../lib/gcc/nios2-elf/5.3.0/../../../../../H-x86_64-mingw32/nios2-elf/lib/mno-hw-mul\libsmallc.a(lib_a-int_errno.o)
 .comment       0x0000000000000023       0x24 c:/develop/quartus/17.1/nios2eds/bin/gnu/h-x86_64-mingw32/bin/../lib/gcc/nios2-elf/5.3.0/../../../../../H-x86_64-mingw32/nios2-elf/lib/mno-hw-mul\libsmallc.a(lib_a-memcmp.o)
 .comment       0x0000000000000023       0x24 c:/develop/quartus/17.1/nios2eds/bin/gnu/h-x86_64-mingw32/bin/../lib/gcc/nios2-elf/5.3.0/../../../../../H-x86_64-mingw32/nios2-elf/lib/mno-hw-mul\libsmallc.a(lib_a-strlen.o)
 .comment       0x0000000000000023       0x24 c:/develop/quartus/17.1/nios2eds/bin/gnu/h-x86_64-mingw32/bin/../lib/gcc/nios2-elf/5.3.0/mno-hw-mul\libgcc.a(lib2-mul.o)

.debug
 *(.debug)

.line
 *(.line)

.debug_srcinfo
 *(.debug_srcinfo)

.debug_sfnames
 *(.debug_sfnames)

.debug_aranges  0x0000000000000000      0x298
 *(.debug_aranges)
 .debug_aranges
                0x0000000000000000       0x20 ../biotite_helloworld_bsp//obj/HAL/src/crt0.o
 .debug_aranges
                0x0000000000000020       0x28 obj/default/hello_world_small.o
 .debug_aranges
                0x0000000000000048       0x20 c:/develop/quartus/17.1/nios2eds/bin/gnu/h-x86_64-mingw32/bin/../lib/gcc/nios2-elf/5.3.0/mno-hw-mul\libgcc.a(lib2-divmod.o)
 .debug_aranges
                0x0000000000000068       0x20 c:/develop/quartus/17.1/nios2eds/bin/gnu/h-x86_64-mingw32/bin/../lib/gcc/nios2-elf/5.3.0/../../../../../H-x86_64-mingw32/nios2-elf/lib/mno-hw-mul\libsmallc.a(lib_a-memcpy.o)
 .debug_aranges
                0x0000000000000088       0x20 ../biotite_helloworld_bsp/\libhal_bsp.a(alt_main.o)
 .debug_aranges
                0x00000000000000a8       0x20 ../biotite_helloworld_bsp/\libhal_bsp.a(alt_putstr.o)
 .debug_aranges
                0x00000000000000c8       0x20 ../biotite_helloworld_bsp/\libhal_bsp.a(alt_usleep.o)
 .debug_aranges
                0x00000000000000e8       0x20 ../biotite_helloworld_bsp/\libhal_bsp.a(alt_sys_init.o)
 .debug_aranges
                0x0000000000000108       0x20 ../biotite_helloworld_bsp/\libhal_bsp.a(altera_avalon_jtag_uart_write.o)
 .debug_aranges
                0x0000000000000128       0x20 ../biotite_helloworld_bsp/\libhal_bsp.a(altera_onchip_flash.o)
 .debug_aranges
                0x0000000000000148       0x20 ../biotite_helloworld_bsp/\libhal_bsp.a(alt_busy_sleep.o)
 .debug_aranges
                0x0000000000000168       0x20 ../biotite_helloworld_bsp/\libhal_bsp.a(alt_dcache_flush.o)
 .debug_aranges
                0x0000000000000188       0x20 ../biotite_helloworld_bsp/\libhal_bsp.a(alt_dev_llist_insert.o)
 .debug_aranges
                0x00000000000001a8       0x18 ../biotite_helloworld_bsp/\libhal_bsp.a(alt_errno.o)
 .debug_aranges
                0x00000000000001c0       0x20 ../biotite_helloworld_bsp/\libhal_bsp.a(alt_flash_dev.o)
 .debug_aranges
                0x00000000000001e0       0x20 ../biotite_helloworld_bsp/\libhal_bsp.a(altera_nios2_gen2_irq.o)
 .debug_aranges
                0x0000000000000200       0x20 ../biotite_helloworld_bsp/\libhal_bsp.a(alt_find_dev.o)
 .debug_aranges
                0x0000000000000220       0x18 c:/develop/quartus/17.1/nios2eds/bin/gnu/h-x86_64-mingw32/bin/../lib/gcc/nios2-elf/5.3.0/../../../../../H-x86_64-mingw32/nios2-elf/lib/mno-hw-mul\libsmallc.a(lib_a-int_errno.o)
 .debug_aranges
                0x0000000000000238       0x20 c:/develop/quartus/17.1/nios2eds/bin/gnu/h-x86_64-mingw32/bin/../lib/gcc/nios2-elf/5.3.0/../../../../../H-x86_64-mingw32/nios2-elf/lib/mno-hw-mul\libsmallc.a(lib_a-memcmp.o)
 .debug_aranges
                0x0000000000000258       0x20 c:/develop/quartus/17.1/nios2eds/bin/gnu/h-x86_64-mingw32/bin/../lib/gcc/nios2-elf/5.3.0/../../../../../H-x86_64-mingw32/nios2-elf/lib/mno-hw-mul\libsmallc.a(lib_a-strlen.o)
 .debug_aranges
                0x0000000000000278       0x20 c:/develop/quartus/17.1/nios2eds/bin/gnu/h-x86_64-mingw32/bin/../lib/gcc/nios2-elf/5.3.0/mno-hw-mul\libgcc.a(lib2-mul.o)

.debug_pubnames
 *(.debug_pubnames)

.debug_info     0x0000000000000000     0x2a8a
 *(.debug_info .gnu.linkonce.wi.*)
 .debug_info    0x0000000000000000       0x87 ../biotite_helloworld_bsp//obj/HAL/src/crt0.o
 .debug_info    0x0000000000000087      0x19e obj/default/hello_world_small.o
 .debug_info    0x0000000000000225      0x2c6 c:/develop/quartus/17.1/nios2eds/bin/gnu/h-x86_64-mingw32/bin/../lib/gcc/nios2-elf/5.3.0/mno-hw-mul\libgcc.a(lib2-divmod.o)
 .debug_info    0x00000000000004eb      0x119 c:/develop/quartus/17.1/nios2eds/bin/gnu/h-x86_64-mingw32/bin/../lib/gcc/nios2-elf/5.3.0/../../../../../H-x86_64-mingw32/nios2-elf/lib/mno-hw-mul\libsmallc.a(lib_a-memcpy.o)
 .debug_info    0x0000000000000604      0x169 ../biotite_helloworld_bsp/\libhal_bsp.a(alt_main.o)
 .debug_info    0x000000000000076d      0x13a ../biotite_helloworld_bsp/\libhal_bsp.a(alt_putstr.o)
 .debug_info    0x00000000000008a7       0xd1 ../biotite_helloworld_bsp/\libhal_bsp.a(alt_usleep.o)
 .debug_info    0x0000000000000978      0x55f ../biotite_helloworld_bsp/\libhal_bsp.a(alt_sys_init.o)
 .debug_info    0x0000000000000ed7      0x197 ../biotite_helloworld_bsp/\libhal_bsp.a(altera_avalon_jtag_uart_write.o)
 .debug_info    0x000000000000106e      0xb5b ../biotite_helloworld_bsp/\libhal_bsp.a(altera_onchip_flash.o)
 .debug_info    0x0000000000001bc9       0xd8 ../biotite_helloworld_bsp/\libhal_bsp.a(alt_busy_sleep.o)
 .debug_info    0x0000000000001ca1       0xba ../biotite_helloworld_bsp/\libhal_bsp.a(alt_dcache_flush.o)
 .debug_info    0x0000000000001d5b      0x1b3 ../biotite_helloworld_bsp/\libhal_bsp.a(alt_dev_llist_insert.o)
 .debug_info    0x0000000000001f0e       0xa6 ../biotite_helloworld_bsp/\libhal_bsp.a(alt_errno.o)
 .debug_info    0x0000000000001fb4      0x41c ../biotite_helloworld_bsp/\libhal_bsp.a(alt_flash_dev.o)
 .debug_info    0x00000000000023d0       0x92 ../biotite_helloworld_bsp/\libhal_bsp.a(altera_nios2_gen2_irq.o)
 .debug_info    0x0000000000002462      0x32d ../biotite_helloworld_bsp/\libhal_bsp.a(alt_find_dev.o)
 .debug_info    0x000000000000278f       0x8a c:/develop/quartus/17.1/nios2eds/bin/gnu/h-x86_64-mingw32/bin/../lib/gcc/nios2-elf/5.3.0/../../../../../H-x86_64-mingw32/nios2-elf/lib/mno-hw-mul\libsmallc.a(lib_a-int_errno.o)
 .debug_info    0x0000000000002819       0xf4 c:/develop/quartus/17.1/nios2eds/bin/gnu/h-x86_64-mingw32/bin/../lib/gcc/nios2-elf/5.3.0/../../../../../H-x86_64-mingw32/nios2-elf/lib/mno-hw-mul\libsmallc.a(lib_a-memcmp.o)
 .debug_info    0x000000000000290d       0xc9 c:/develop/quartus/17.1/nios2eds/bin/gnu/h-x86_64-mingw32/bin/../lib/gcc/nios2-elf/5.3.0/../../../../../H-x86_64-mingw32/nios2-elf/lib/mno-hw-mul\libsmallc.a(lib_a-strlen.o)
 .debug_info    0x00000000000029d6       0xb4 c:/develop/quartus/17.1/nios2eds/bin/gnu/h-x86_64-mingw32/bin/../lib/gcc/nios2-elf/5.3.0/mno-hw-mul\libgcc.a(lib2-mul.o)

.debug_abbrev   0x0000000000000000     0x10a1
 *(.debug_abbrev)
 .debug_abbrev  0x0000000000000000       0x14 ../biotite_helloworld_bsp//obj/HAL/src/crt0.o
 .debug_abbrev  0x0000000000000014      0x101 obj/default/hello_world_small.o
 .debug_abbrev  0x0000000000000115      0x10e c:/develop/quartus/17.1/nios2eds/bin/gnu/h-x86_64-mingw32/bin/../lib/gcc/nios2-elf/5.3.0/mno-hw-mul\libgcc.a(lib2-divmod.o)
 .debug_abbrev  0x0000000000000223       0x9c c:/develop/quartus/17.1/nios2eds/bin/gnu/h-x86_64-mingw32/bin/../lib/gcc/nios2-elf/5.3.0/../../../../../H-x86_64-mingw32/nios2-elf/lib/mno-hw-mul\libsmallc.a(lib_a-memcpy.o)
 .debug_abbrev  0x00000000000002bf       0xee ../biotite_helloworld_bsp/\libhal_bsp.a(alt_main.o)
 .debug_abbrev  0x00000000000003ad       0xd3 ../biotite_helloworld_bsp/\libhal_bsp.a(alt_putstr.o)
 .debug_abbrev  0x0000000000000480       0x8d ../biotite_helloworld_bsp/\libhal_bsp.a(alt_usleep.o)
 .debug_abbrev  0x000000000000050d      0x168 ../biotite_helloworld_bsp/\libhal_bsp.a(alt_sys_init.o)
 .debug_abbrev  0x0000000000000675       0xd5 ../biotite_helloworld_bsp/\libhal_bsp.a(altera_avalon_jtag_uart_write.o)
 .debug_abbrev  0x000000000000074a      0x285 ../biotite_helloworld_bsp/\libhal_bsp.a(altera_onchip_flash.o)
 .debug_abbrev  0x00000000000009cf       0x8d ../biotite_helloworld_bsp/\libhal_bsp.a(alt_busy_sleep.o)
 .debug_abbrev  0x0000000000000a5c       0x74 ../biotite_helloworld_bsp/\libhal_bsp.a(alt_dcache_flush.o)
 .debug_abbrev  0x0000000000000ad0      0x11c ../biotite_helloworld_bsp/\libhal_bsp.a(alt_dev_llist_insert.o)
 .debug_abbrev  0x0000000000000bec       0x5a ../biotite_helloworld_bsp/\libhal_bsp.a(alt_errno.o)
 .debug_abbrev  0x0000000000000c46      0x150 ../biotite_helloworld_bsp/\libhal_bsp.a(alt_flash_dev.o)
 .debug_abbrev  0x0000000000000d96       0x42 ../biotite_helloworld_bsp/\libhal_bsp.a(altera_nios2_gen2_irq.o)
 .debug_abbrev  0x0000000000000dd8      0x125 ../biotite_helloworld_bsp/\libhal_bsp.a(alt_find_dev.o)
 .debug_abbrev  0x0000000000000efd       0x37 c:/develop/quartus/17.1/nios2eds/bin/gnu/h-x86_64-mingw32/bin/../lib/gcc/nios2-elf/5.3.0/../../../../../H-x86_64-mingw32/nios2-elf/lib/mno-hw-mul\libsmallc.a(lib_a-int_errno.o)
 .debug_abbrev  0x0000000000000f34       0x7f c:/develop/quartus/17.1/nios2eds/bin/gnu/h-x86_64-mingw32/bin/../lib/gcc/nios2-elf/5.3.0/../../../../../H-x86_64-mingw32/nios2-elf/lib/mno-hw-mul\libsmallc.a(lib_a-memcmp.o)
 .debug_abbrev  0x0000000000000fb3       0x7f c:/develop/quartus/17.1/nios2eds/bin/gnu/h-x86_64-mingw32/bin/../lib/gcc/nios2-elf/5.3.0/../../../../../H-x86_64-mingw32/nios2-elf/lib/mno-hw-mul\libsmallc.a(lib_a-strlen.o)
 .debug_abbrev  0x0000000000001032       0x6f c:/develop/quartus/17.1/nios2eds/bin/gnu/h-x86_64-mingw32/bin/../lib/gcc/nios2-elf/5.3.0/mno-hw-mul\libgcc.a(lib2-mul.o)

.debug_line     0x0000000000000000     0x1409
 *(.debug_line)
 .debug_line    0x0000000000000000       0x51 ../biotite_helloworld_bsp//obj/HAL/src/crt0.o
 .debug_line    0x0000000000000051      0x158 obj/default/hello_world_small.o
 .debug_line    0x00000000000001a9      0x105 c:/develop/quartus/17.1/nios2eds/bin/gnu/h-x86_64-mingw32/bin/../lib/gcc/nios2-elf/5.3.0/mno-hw-mul\libgcc.a(lib2-divmod.o)
 .debug_line    0x00000000000002ae      0x15e c:/develop/quartus/17.1/nios2eds/bin/gnu/h-x86_64-mingw32/bin/../lib/gcc/nios2-elf/5.3.0/../../../../../H-x86_64-mingw32/nios2-elf/lib/mno-hw-mul\libsmallc.a(lib_a-memcpy.o)
 .debug_line    0x000000000000040c       0xbd ../biotite_helloworld_bsp/\libhal_bsp.a(alt_main.o)
 .debug_line    0x00000000000004c9       0xa1 ../biotite_helloworld_bsp/\libhal_bsp.a(alt_putstr.o)
 .debug_line    0x000000000000056a       0xd0 ../biotite_helloworld_bsp/\libhal_bsp.a(alt_usleep.o)
 .debug_line    0x000000000000063a      0x15e ../biotite_helloworld_bsp/\libhal_bsp.a(alt_sys_init.o)
 .debug_line    0x0000000000000798       0xf0 ../biotite_helloworld_bsp/\libhal_bsp.a(altera_avalon_jtag_uart_write.o)
 .debug_line    0x0000000000000888      0x370 ../biotite_helloworld_bsp/\libhal_bsp.a(altera_onchip_flash.o)
 .debug_line    0x0000000000000bf8       0xb5 ../biotite_helloworld_bsp/\libhal_bsp.a(alt_busy_sleep.o)
 .debug_line    0x0000000000000cad       0x63 ../biotite_helloworld_bsp/\libhal_bsp.a(alt_dcache_flush.o)
 .debug_line    0x0000000000000d10       0xd8 ../biotite_helloworld_bsp/\libhal_bsp.a(alt_dev_llist_insert.o)
 .debug_line    0x0000000000000de8       0x51 ../biotite_helloworld_bsp/\libhal_bsp.a(alt_errno.o)
 .debug_line    0x0000000000000e39       0xdd ../biotite_helloworld_bsp/\libhal_bsp.a(alt_flash_dev.o)
 .debug_line    0x0000000000000f16       0x50 ../biotite_helloworld_bsp/\libhal_bsp.a(altera_nios2_gen2_irq.o)
 .debug_line    0x0000000000000f66      0x108 ../biotite_helloworld_bsp/\libhal_bsp.a(alt_find_dev.o)
 .debug_line    0x000000000000106e       0x5f c:/develop/quartus/17.1/nios2eds/bin/gnu/h-x86_64-mingw32/bin/../lib/gcc/nios2-elf/5.3.0/../../../../../H-x86_64-mingw32/nios2-elf/lib/mno-hw-mul\libsmallc.a(lib_a-int_errno.o)
 .debug_line    0x00000000000010cd      0x160 c:/develop/quartus/17.1/nios2eds/bin/gnu/h-x86_64-mingw32/bin/../lib/gcc/nios2-elf/5.3.0/../../../../../H-x86_64-mingw32/nios2-elf/lib/mno-hw-mul\libsmallc.a(lib_a-memcmp.o)
 .debug_line    0x000000000000122d      0x15c c:/develop/quartus/17.1/nios2eds/bin/gnu/h-x86_64-mingw32/bin/../lib/gcc/nios2-elf/5.3.0/../../../../../H-x86_64-mingw32/nios2-elf/lib/mno-hw-mul\libsmallc.a(lib_a-strlen.o)
 .debug_line    0x0000000000001389       0x80 c:/develop/quartus/17.1/nios2eds/bin/gnu/h-x86_64-mingw32/bin/../lib/gcc/nios2-elf/5.3.0/mno-hw-mul\libgcc.a(lib2-mul.o)

.debug_frame    0x0000000000000000      0x4d4
 *(.debug_frame)
 .debug_frame   0x0000000000000000       0x54 obj/default/hello_world_small.o
 .debug_frame   0x0000000000000054       0x50 c:/develop/quartus/17.1/nios2eds/bin/gnu/h-x86_64-mingw32/bin/../lib/gcc/nios2-elf/5.3.0/mno-hw-mul\libgcc.a(lib2-divmod.o)
 .debug_frame   0x00000000000000a4       0x20 c:/develop/quartus/17.1/nios2eds/bin/gnu/h-x86_64-mingw32/bin/../lib/gcc/nios2-elf/5.3.0/../../../../../H-x86_64-mingw32/nios2-elf/lib/mno-hw-mul\libsmallc.a(lib_a-memcpy.o)
 .debug_frame   0x00000000000000c4       0x2c ../biotite_helloworld_bsp/\libhal_bsp.a(alt_main.o)
 .debug_frame   0x00000000000000f0       0x30 ../biotite_helloworld_bsp/\libhal_bsp.a(alt_putstr.o)
 .debug_frame   0x0000000000000120       0x20 ../biotite_helloworld_bsp/\libhal_bsp.a(alt_usleep.o)
 .debug_frame   0x0000000000000140       0x3c ../biotite_helloworld_bsp/\libhal_bsp.a(alt_sys_init.o)
 .debug_frame   0x000000000000017c       0x20 ../biotite_helloworld_bsp/\libhal_bsp.a(altera_avalon_jtag_uart_write.o)
 .debug_frame   0x000000000000019c      0x1b4 ../biotite_helloworld_bsp/\libhal_bsp.a(altera_onchip_flash.o)
 .debug_frame   0x0000000000000350       0x30 ../biotite_helloworld_bsp/\libhal_bsp.a(alt_busy_sleep.o)
 .debug_frame   0x0000000000000380       0x20 ../biotite_helloworld_bsp/\libhal_bsp.a(alt_dcache_flush.o)
 .debug_frame   0x00000000000003a0       0x2c ../biotite_helloworld_bsp/\libhal_bsp.a(alt_dev_llist_insert.o)
 .debug_frame   0x00000000000003cc       0x4c ../biotite_helloworld_bsp/\libhal_bsp.a(alt_flash_dev.o)
 .debug_frame   0x0000000000000418       0x20 ../biotite_helloworld_bsp/\libhal_bsp.a(altera_nios2_gen2_irq.o)
 .debug_frame   0x0000000000000438       0x3c ../biotite_helloworld_bsp/\libhal_bsp.a(alt_find_dev.o)
 .debug_frame   0x0000000000000474       0x20 c:/develop/quartus/17.1/nios2eds/bin/gnu/h-x86_64-mingw32/bin/../lib/gcc/nios2-elf/5.3.0/../../../../../H-x86_64-mingw32/nios2-elf/lib/mno-hw-mul\libsmallc.a(lib_a-memcmp.o)
 .debug_frame   0x0000000000000494       0x20 c:/develop/quartus/17.1/nios2eds/bin/gnu/h-x86_64-mingw32/bin/../lib/gcc/nios2-elf/5.3.0/../../../../../H-x86_64-mingw32/nios2-elf/lib/mno-hw-mul\libsmallc.a(lib_a-strlen.o)
 .debug_frame   0x00000000000004b4       0x20 c:/develop/quartus/17.1/nios2eds/bin/gnu/h-x86_64-mingw32/bin/../lib/gcc/nios2-elf/5.3.0/mno-hw-mul\libgcc.a(lib2-mul.o)

.debug_str      0x0000000000000000      0xee6
 *(.debug_str)
 .debug_str     0x0000000000000000      0x14c obj/default/hello_world_small.o
                                        0x18a (size before relaxing)
 .debug_str     0x000000000000014c      0x187 c:/develop/quartus/17.1/nios2eds/bin/gnu/h-x86_64-mingw32/bin/../lib/gcc/nios2-elf/5.3.0/mno-hw-mul\libgcc.a(lib2-divmod.o)
                                        0x1d2 (size before relaxing)
 .debug_str     0x00000000000002d3      0x14e c:/develop/quartus/17.1/nios2eds/bin/gnu/h-x86_64-mingw32/bin/../lib/gcc/nios2-elf/5.3.0/../../../../../H-x86_64-mingw32/nios2-elf/lib/mno-hw-mul\libsmallc.a(lib_a-memcpy.o)
                                        0x1f3 (size before relaxing)
 .debug_str     0x0000000000000421       0xde ../biotite_helloworld_bsp/\libhal_bsp.a(alt_main.o)
                                        0x1ca (size before relaxing)
 .debug_str     0x00000000000004ff       0x64 ../biotite_helloworld_bsp/\libhal_bsp.a(alt_putstr.o)
                                        0x1a5 (size before relaxing)
 .debug_str     0x0000000000000563       0x2f ../biotite_helloworld_bsp/\libhal_bsp.a(alt_usleep.o)
                                        0x16c (size before relaxing)
 .debug_str     0x0000000000000592      0x333 ../biotite_helloworld_bsp/\libhal_bsp.a(alt_sys_init.o)
                                        0x533 (size before relaxing)
 .debug_str     0x00000000000008c5       0x2c ../biotite_helloworld_bsp/\libhal_bsp.a(altera_avalon_jtag_uart_write.o)
                                        0x22a (size before relaxing)
 .debug_str     0x00000000000008f1      0x2e6 ../biotite_helloworld_bsp/\libhal_bsp.a(altera_onchip_flash.o)
                                        0x743 (size before relaxing)
 .debug_str     0x0000000000000bd7       0x33 ../biotite_helloworld_bsp/\libhal_bsp.a(alt_busy_sleep.o)
                                        0x180 (size before relaxing)
 .debug_str     0x0000000000000c0a       0x21 ../biotite_helloworld_bsp/\libhal_bsp.a(alt_dcache_flush.o)
                                        0x170 (size before relaxing)
 .debug_str     0x0000000000000c2b       0x4e ../biotite_helloworld_bsp/\libhal_bsp.a(alt_dev_llist_insert.o)
                                        0x1e1 (size before relaxing)
 .debug_str     0x0000000000000c79       0x14 ../biotite_helloworld_bsp/\libhal_bsp.a(alt_errno.o)
                                        0x15a (size before relaxing)
 .debug_str     0x0000000000000c8d       0x4c ../biotite_helloworld_bsp/\libhal_bsp.a(alt_flash_dev.o)
                                        0x32d (size before relaxing)
 .debug_str     0x0000000000000cd9       0x20 ../biotite_helloworld_bsp/\libhal_bsp.a(altera_nios2_gen2_irq.o)
                                        0x171 (size before relaxing)
 .debug_str     0x0000000000000cf9       0x60 ../biotite_helloworld_bsp/\libhal_bsp.a(alt_find_dev.o)
                                        0x20f (size before relaxing)
 .debug_str     0x0000000000000d59       0xd3 c:/develop/quartus/17.1/nios2eds/bin/gnu/h-x86_64-mingw32/bin/../lib/gcc/nios2-elf/5.3.0/../../../../../H-x86_64-mingw32/nios2-elf/lib/mno-hw-mul\libsmallc.a(lib_a-int_errno.o)
                                        0x1d8 (size before relaxing)
 .debug_str     0x0000000000000e2c       0x3d c:/develop/quartus/17.1/nios2eds/bin/gnu/h-x86_64-mingw32/bin/../lib/gcc/nios2-elf/5.3.0/../../../../../H-x86_64-mingw32/nios2-elf/lib/mno-hw-mul\libsmallc.a(lib_a-memcmp.o)
                                        0x1df (size before relaxing)
 .debug_str     0x0000000000000e69       0x3d c:/develop/quartus/17.1/nios2eds/bin/gnu/h-x86_64-mingw32/bin/../lib/gcc/nios2-elf/5.3.0/../../../../../H-x86_64-mingw32/nios2-elf/lib/mno-hw-mul\libsmallc.a(lib_a-strlen.o)
                                        0x1e5 (size before relaxing)
 .debug_str     0x0000000000000ea6       0x40 c:/develop/quartus/17.1/nios2eds/bin/gnu/h-x86_64-mingw32/bin/../lib/gcc/nios2-elf/5.3.0/mno-hw-mul\libgcc.a(lib2-mul.o)
                                        0x193 (size before relaxing)

.debug_loc      0x0000000000000000     0x169e
 *(.debug_loc)
 .debug_loc     0x0000000000000000       0x98 obj/default/hello_world_small.o
 .debug_loc     0x0000000000000098      0x4ce c:/develop/quartus/17.1/nios2eds/bin/gnu/h-x86_64-mingw32/bin/../lib/gcc/nios2-elf/5.3.0/mno-hw-mul\libgcc.a(lib2-divmod.o)
 .debug_loc     0x0000000000000566      0x135 c:/develop/quartus/17.1/nios2eds/bin/gnu/h-x86_64-mingw32/bin/../lib/gcc/nios2-elf/5.3.0/../../../../../H-x86_64-mingw32/nios2-elf/lib/mno-hw-mul\libsmallc.a(lib_a-memcpy.o)
 .debug_loc     0x000000000000069b       0x37 ../biotite_helloworld_bsp/\libhal_bsp.a(alt_putstr.o)
 .debug_loc     0x00000000000006d2       0x21 ../biotite_helloworld_bsp/\libhal_bsp.a(alt_usleep.o)
 .debug_loc     0x00000000000006f3       0x21 ../biotite_helloworld_bsp/\libhal_bsp.a(alt_sys_init.o)
 .debug_loc     0x0000000000000714       0x8b ../biotite_helloworld_bsp/\libhal_bsp.a(altera_avalon_jtag_uart_write.o)
 .debug_loc     0x000000000000079f      0xbbd ../biotite_helloworld_bsp/\libhal_bsp.a(altera_onchip_flash.o)
 .debug_loc     0x000000000000135c       0x67 ../biotite_helloworld_bsp/\libhal_bsp.a(alt_busy_sleep.o)
 .debug_loc     0x00000000000013c3       0x7e ../biotite_helloworld_bsp/\libhal_bsp.a(alt_dev_llist_insert.o)
 .debug_loc     0x0000000000001441       0x9a ../biotite_helloworld_bsp/\libhal_bsp.a(alt_flash_dev.o)
 .debug_loc     0x00000000000014db       0x7e ../biotite_helloworld_bsp/\libhal_bsp.a(alt_find_dev.o)
 .debug_loc     0x0000000000001559       0x94 c:/develop/quartus/17.1/nios2eds/bin/gnu/h-x86_64-mingw32/bin/../lib/gcc/nios2-elf/5.3.0/../../../../../H-x86_64-mingw32/nios2-elf/lib/mno-hw-mul\libsmallc.a(lib_a-memcmp.o)
 .debug_loc     0x00000000000015ed       0x1e c:/develop/quartus/17.1/nios2eds/bin/gnu/h-x86_64-mingw32/bin/../lib/gcc/nios2-elf/5.3.0/../../../../../H-x86_64-mingw32/nios2-elf/lib/mno-hw-mul\libsmallc.a(lib_a-strlen.o)
 .debug_loc     0x000000000000160b       0x93 c:/develop/quartus/17.1/nios2eds/bin/gnu/h-x86_64-mingw32/bin/../lib/gcc/nios2-elf/5.3.0/mno-hw-mul\libgcc.a(lib2-mul.o)

.debug_macinfo
 *(.debug_macinfo)

.debug_weaknames
 *(.debug_weaknames)

.debug_funcnames
 *(.debug_funcnames)

.debug_typenames
 *(.debug_typenames)

.debug_varnames
 *(.debug_varnames)

.debug_alt_sim_info
                0x0000000000000000       0x40
 *(.debug_alt_sim_info)
 .debug_alt_sim_info
                0x0000000000000000       0x10 ../biotite_helloworld_bsp//obj/HAL/src/crt0.o
 .debug_alt_sim_info
                0x0000000000000010       0x30 ../biotite_helloworld_bsp/\libhal_bsp.a(alt_busy_sleep.o)
                0x000000000f804000                __alt_data_end = 0xf804000
                0x000000000f804000                PROVIDE (__alt_stack_pointer, __alt_data_end)
                [!provide]                        PROVIDE (__alt_stack_limit, __alt_stack_base)
                [!provide]                        PROVIDE (__alt_heap_start, end)
                [!provide]                        PROVIDE (__alt_heap_limit, 0xf804000)
OUTPUT(biotite_helloworld.elf elf32-littlenios2)

.debug_ranges   0x0000000000000000       0xe0
 .debug_ranges  0x0000000000000000       0x18 obj/default/hello_world_small.o
 .debug_ranges  0x0000000000000018       0x60 c:/develop/quartus/17.1/nios2eds/bin/gnu/h-x86_64-mingw32/bin/../lib/gcc/nios2-elf/5.3.0/mno-hw-mul\libgcc.a(lib2-divmod.o)
 .debug_ranges  0x0000000000000078       0x10 c:/develop/quartus/17.1/nios2eds/bin/gnu/h-x86_64-mingw32/bin/../lib/gcc/nios2-elf/5.3.0/../../../../../H-x86_64-mingw32/nios2-elf/lib/mno-hw-mul\libsmallc.a(lib_a-memcpy.o)
 .debug_ranges  0x0000000000000088       0x18 ../biotite_helloworld_bsp/\libhal_bsp.a(altera_onchip_flash.o)
 .debug_ranges  0x00000000000000a0       0x20 ../biotite_helloworld_bsp/\libhal_bsp.a(alt_dev_llist_insert.o)
 .debug_ranges  0x00000000000000c0       0x10 c:/develop/quartus/17.1/nios2eds/bin/gnu/h-x86_64-mingw32/bin/../lib/gcc/nios2-elf/5.3.0/../../../../../H-x86_64-mingw32/nios2-elf/lib/mno-hw-mul\libsmallc.a(lib_a-memcmp.o)
 .debug_ranges  0x00000000000000d0       0x10 c:/develop/quartus/17.1/nios2eds/bin/gnu/h-x86_64-mingw32/bin/../lib/gcc/nios2-elf/5.3.0/../../../../../H-x86_64-mingw32/nios2-elf/lib/mno-hw-mul\libsmallc.a(lib_a-strlen.o)
